Archive member included to satisfy reference by file (symbol)

c:/st/stm32cubeide_1.10.1/stm32cubeide/plugins/com.st.stm32cube.ide.mcu.externaltools.gnu-tools-for-stm32.10.3-2021.10.win32_1.0.200.202301161003/tools/bin/../lib/gcc/arm-none-eabi/10.3.1/../../../../arm-none-eabi/lib/thumb/v7e-m+dp/hard\libc_nano.a(lib_a-errno.o)
                              ./Core/Src/syscalls.o (__errno)
c:/st/stm32cubeide_1.10.1/stm32cubeide/plugins/com.st.stm32cube.ide.mcu.externaltools.gnu-tools-for-stm32.10.3-2021.10.win32_1.0.200.202301161003/tools/bin/../lib/gcc/arm-none-eabi/10.3.1/../../../../arm-none-eabi/lib/thumb/v7e-m+dp/hard\libc_nano.a(lib_a-exit.o)
                              c:/st/stm32cubeide_1.10.1/stm32cubeide/plugins/com.st.stm32cube.ide.mcu.externaltools.gnu-tools-for-stm32.10.3-2021.10.win32_1.0.200.202301161003/tools/bin/../lib/gcc/arm-none-eabi/10.3.1/../../../../arm-none-eabi/lib/thumb/v7e-m+dp/hard/crt0.o (exit)
c:/st/stm32cubeide_1.10.1/stm32cubeide/plugins/com.st.stm32cube.ide.mcu.externaltools.gnu-tools-for-stm32.10.3-2021.10.win32_1.0.200.202301161003/tools/bin/../lib/gcc/arm-none-eabi/10.3.1/../../../../arm-none-eabi/lib/thumb/v7e-m+dp/hard\libc_nano.a(lib_a-impure.o)
                              c:/st/stm32cubeide_1.10.1/stm32cubeide/plugins/com.st.stm32cube.ide.mcu.externaltools.gnu-tools-for-stm32.10.3-2021.10.win32_1.0.200.202301161003/tools/bin/../lib/gcc/arm-none-eabi/10.3.1/../../../../arm-none-eabi/lib/thumb/v7e-m+dp/hard\libc_nano.a(lib_a-exit.o) (_global_impure_ptr)
c:/st/stm32cubeide_1.10.1/stm32cubeide/plugins/com.st.stm32cube.ide.mcu.externaltools.gnu-tools-for-stm32.10.3-2021.10.win32_1.0.200.202301161003/tools/bin/../lib/gcc/arm-none-eabi/10.3.1/../../../../arm-none-eabi/lib/thumb/v7e-m+dp/hard\libc_nano.a(lib_a-init.o)
                              c:/st/stm32cubeide_1.10.1/stm32cubeide/plugins/com.st.stm32cube.ide.mcu.externaltools.gnu-tools-for-stm32.10.3-2021.10.win32_1.0.200.202301161003/tools/bin/../lib/gcc/arm-none-eabi/10.3.1/../../../../arm-none-eabi/lib/thumb/v7e-m+dp/hard/crt0.o (__libc_init_array)
c:/st/stm32cubeide_1.10.1/stm32cubeide/plugins/com.st.stm32cube.ide.mcu.externaltools.gnu-tools-for-stm32.10.3-2021.10.win32_1.0.200.202301161003/tools/bin/../lib/gcc/arm-none-eabi/10.3.1/../../../../arm-none-eabi/lib/thumb/v7e-m+dp/hard\libc_nano.a(lib_a-memset.o)
                              c:/st/stm32cubeide_1.10.1/stm32cubeide/plugins/com.st.stm32cube.ide.mcu.externaltools.gnu-tools-for-stm32.10.3-2021.10.win32_1.0.200.202301161003/tools/bin/../lib/gcc/arm-none-eabi/10.3.1/../../../../arm-none-eabi/lib/thumb/v7e-m+dp/hard/crt0.o (memset)
c:/st/stm32cubeide_1.10.1/stm32cubeide/plugins/com.st.stm32cube.ide.mcu.externaltools.gnu-tools-for-stm32.10.3-2021.10.win32_1.0.200.202301161003/tools/bin/../lib/gcc/arm-none-eabi/10.3.1/../../../../arm-none-eabi/lib/thumb/v7e-m+dp/hard\libc_nano.a(lib_a-sprintf.o)
                              ./Core/Src/main.o (sprintf)
c:/st/stm32cubeide_1.10.1/stm32cubeide/plugins/com.st.stm32cube.ide.mcu.externaltools.gnu-tools-for-stm32.10.3-2021.10.win32_1.0.200.202301161003/tools/bin/../lib/gcc/arm-none-eabi/10.3.1/../../../../arm-none-eabi/lib/thumb/v7e-m+dp/hard\libc_nano.a(lib_a-nano-svfprintf.o)
                              c:/st/stm32cubeide_1.10.1/stm32cubeide/plugins/com.st.stm32cube.ide.mcu.externaltools.gnu-tools-for-stm32.10.3-2021.10.win32_1.0.200.202301161003/tools/bin/../lib/gcc/arm-none-eabi/10.3.1/../../../../arm-none-eabi/lib/thumb/v7e-m+dp/hard\libc_nano.a(lib_a-sprintf.o) (_svfprintf_r)
c:/st/stm32cubeide_1.10.1/stm32cubeide/plugins/com.st.stm32cube.ide.mcu.externaltools.gnu-tools-for-stm32.10.3-2021.10.win32_1.0.200.202301161003/tools/bin/../lib/gcc/arm-none-eabi/10.3.1/../../../../arm-none-eabi/lib/thumb/v7e-m+dp/hard\libc_nano.a(lib_a-nano-vfprintf_i.o)
                              c:/st/stm32cubeide_1.10.1/stm32cubeide/plugins/com.st.stm32cube.ide.mcu.externaltools.gnu-tools-for-stm32.10.3-2021.10.win32_1.0.200.202301161003/tools/bin/../lib/gcc/arm-none-eabi/10.3.1/../../../../arm-none-eabi/lib/thumb/v7e-m+dp/hard\libc_nano.a(lib_a-nano-svfprintf.o) (_printf_i)
c:/st/stm32cubeide_1.10.1/stm32cubeide/plugins/com.st.stm32cube.ide.mcu.externaltools.gnu-tools-for-stm32.10.3-2021.10.win32_1.0.200.202301161003/tools/bin/../lib/gcc/arm-none-eabi/10.3.1/../../../../arm-none-eabi/lib/thumb/v7e-m+dp/hard\libc_nano.a(lib_a-memchr.o)
                              c:/st/stm32cubeide_1.10.1/stm32cubeide/plugins/com.st.stm32cube.ide.mcu.externaltools.gnu-tools-for-stm32.10.3-2021.10.win32_1.0.200.202301161003/tools/bin/../lib/gcc/arm-none-eabi/10.3.1/../../../../arm-none-eabi/lib/thumb/v7e-m+dp/hard\libc_nano.a(lib_a-nano-svfprintf.o) (memchr)
c:/st/stm32cubeide_1.10.1/stm32cubeide/plugins/com.st.stm32cube.ide.mcu.externaltools.gnu-tools-for-stm32.10.3-2021.10.win32_1.0.200.202301161003/tools/bin/../lib/gcc/arm-none-eabi/10.3.1/../../../../arm-none-eabi/lib/thumb/v7e-m+dp/hard\libc_nano.a(lib_a-memcpy-stub.o)
[...]
Memory Configuration

Name             Origin             Length             Attributes
RAM_D1           0x0000000024000000 0x0000000000080000 xrw
FLASH            0x0000000008000000 0x0000000000100000 xr
DTCMRAM          0x0000000020000000 0x0000000000020000 xrw
RAM_D2           0x0000000030000000 0x0000000000048000 xrw
RAM_D3           0x0000000038000000 0x0000000000010000 xrw
ITCMRAM          0x0000000000000000 0x0000000000010000 xrw
*default*        0x0000000000000000 0xffffffffffffffff

Linker script and memory map

LOAD c:/st/stm32cubeide_1.10.1/stm32cubeide/plugins/com.st.stm32cube.ide.mcu.externaltools.gnu-tools-for-stm32.10.3-2021.10.win32_1.0.200.202301161003/tools/bin/../lib/gcc/arm-none-eabi/10.3.1/thumb/v7e-m+dp/hard/crti.o
LOAD c:/st/stm32cubeide_1.10.1/stm32cubeide/plugins/com.st.stm32cube.ide.mcu.externaltools.gnu-tools-for-stm32.10.3-2021.10.win32_1.0.200.202301161003/tools/bin/../lib/gcc/arm-none-eabi/10.3.1/thumb/v7e-m+dp/hard/crtbegin.o
LOAD c:/st/stm32cubeide_1.10.1/stm32cubeide/plugins/com.st.stm32cube.ide.mcu.externaltools.gnu-tools-for-stm32.10.3-2021.10.win32_1.0.200.202301161003/tools/bin/../lib/gcc/arm-none-eabi/10.3.1/../../../../arm-none-eabi/lib/thumb/v7e-m+dp/hard/crt0.o
LOAD ./Common/Src/system_stm32h7xx_dualcore_boot_cm4_cm7.o
LOAD ./Core/Src/main.o
LOAD ./Core/Src/stm32h7xx_hal_msp.o
LOAD ./Core/Src/stm32h7xx_it.o
LOAD ./Core/Src/syscalls.o
LOAD ./Core/Src/sysmem.o
LOAD ./Core/Startup/startup_stm32h757iitx.o
LOAD ./Drivers/STM32H7xx_HAL_Driver/stm32h7xx_hal.o
LOAD ./Drivers/STM32H7xx_HAL_Driver/stm32h7xx_hal_cortex.o
LOAD ./Drivers/STM32H7xx_HAL_Driver/stm32h7xx_hal_dma.o
LOAD ./Drivers/STM32H7xx_HAL_Driver/stm32h7xx_hal_dma_ex.o
LOAD ./Drivers/STM32H7xx_HAL_Driver/stm32h7xx_hal_exti.o
LOAD ./Drivers/STM32H7xx_HAL_Driver/stm32h7xx_hal_flash.o
LOAD ./Drivers/STM32H7xx_HAL_Driver/stm32h7xx_hal_flash_ex.o
LOAD ./Drivers/STM32H7xx_HAL_Driver/stm32h7xx_hal_gpio.o
LOAD ./Drivers/STM32H7xx_HAL_Driver/stm32h7xx_hal_hsem.o
LOAD ./Drivers/STM32H7xx_HAL_Driver/stm32h7xx_hal_i2c.o
LOAD ./Drivers/STM32H7xx_HAL_Driver/stm32h7xx_hal_i2c_ex.o
LOAD ./Drivers/STM32H7xx_HAL_Driver/stm32h7xx_hal_mdma.o
LOAD ./Drivers/STM32H7xx_HAL_Driver/stm32h7xx_hal_pcd.o
LOAD ./Drivers/STM32H7xx_HAL_Driver/stm32h7xx_hal_pcd_ex.o
LOAD ./Drivers/STM32H7xx_HAL_Driver/stm32h7xx_hal_pwr.o
LOAD ./Drivers/STM32H7xx_HAL_Driver/stm32h7xx_hal_pwr_ex.o
LOAD ./Drivers/STM32H7xx_HAL_Driver/stm32h7xx_hal_rcc.o
LOAD ./Drivers/STM32H7xx_HAL_Driver/stm32h7xx_hal_rcc_ex.o
LOAD ./Drivers/STM32H7xx_HAL_Driver/stm32h7xx_hal_tim.o
LOAD ./Drivers/STM32H7xx_HAL_Driver/stm32h7xx_hal_tim_ex.o
LOAD ./Drivers/STM32H7xx_HAL_Driver/stm32h7xx_hal_uart.o
LOAD ./Drivers/STM32H7xx_HAL_Driver/stm32h7xx_hal_uart_ex.o
LOAD ./Drivers/STM32H7xx_HAL_Driver/stm32h7xx_ll_usb.o
LOAD ./Middlewares/ST/STM32_USB_Device_Library/usbd_cdc.o
LOAD ./Middlewares/ST/STM32_USB_Device_Library/usbd_core.o
LOAD ./Middlewares/ST/STM32_USB_Device_Library/usbd_ctlreq.o
LOAD ./Middlewares/ST/STM32_USB_Device_Library/usbd_ioreq.o
LOAD ./USB_DEVICE/App/usb_device.o
LOAD ./USB_DEVICE/App/usbd_cdc_if.o
LOAD ./USB_DEVICE/App/usbd_desc.o
LOAD ./USB_DEVICE/Target/usbd_conf.o
LOAD ./ibus_lib/Src/ibus.o
START GROUP
LOAD c:/st/stm32cubeide_1.10.1/stm32cubeide/plugins/com.st.stm32cube.ide.mcu.externaltools.gnu-tools-for-stm32.10.3-2021.10.win32_1.0.200.202301161003/tools/bin/../lib/gcc/arm-none-eabi/10.3.1/../../../../arm-none-eabi/lib/thumb/v7e-m+dp/hard\libc_nano.a
LOAD c:/st/stm32cubeide_1.10.1/stm32cubeide/plugins/com.st.stm32cube.ide.mcu.externaltools.gnu-tools-for-stm32.10.3-2021.10.win32_1.0.200.202301161003/tools/bin/../lib/gcc/arm-none-eabi/10.3.1/../../../../arm-none-eabi/lib/thumb/v7e-m+dp/hard\libm.a
END GROUP
START GROUP
LOAD c:/st/stm32cubeide_1.10.1/stm32cubeide/plugins/com.st.stm32cube.ide.mcu.externaltools.gnu-tools-for-stm32.10.3-2021.10.win32_1.0.200.202301161003/tools/bin/../lib/gcc/arm-none-eabi/10.3.1/thumb/v7e-m+dp/hard\libgcc.a
LOAD c:/st/stm32cubeide_1.10.1/stm32cubeide/plugins/com.st.stm32cube.ide.mcu.externaltools.gnu-tools-for-stm32.10.3-2021.10.win32_1.0.200.202301161003/tools/bin/../lib/gcc/arm-none-eabi/10.3.1/../../../../arm-none-eabi/lib/thumb/v7e-m+dp/hard\libc_nano.a
END GROUP
START GROUP
LOAD c:/st/stm32cubeide_1.10.1/stm32cubeide/plugins/com.st.stm32cube.ide.mcu.externaltools.gnu-tools-for-stm32.10.3-2021.10.win32_1.0.200.202301161003/tools/bin/../lib/gcc/arm-none-eabi/10.3.1/thumb/v7e-m+dp/hard\libgcc.a
LOAD c:/st/stm32cubeide_1.10.1/stm32cubeide/plugins/com.st.stm32cube.ide.mcu.externaltools.gnu-tools-for-stm32.10.3-2021.10.win32_1.0.200.202301161003/tools/bin/../lib/gcc/arm-none-eabi/10.3.1/../../../../arm-none-eabi/lib/thumb/v7e-m+dp/hard\libc_nano.a
LOAD c:/st/stm32cubeide_1.10.1/stm32cubeide/plugins/com.st.stm32cube.ide.mcu.externaltools.gnu-tools-for-stm32.10.3-2021.10.win32_1.0.200.202301161003/tools/bin/../lib/gcc/arm-none-eabi/10.3.1/../../../../arm-none-eabi/lib/thumb/v7e-m+dp/hard\libnosys.a
END GROUP
START GROUP
LOAD c:/st/stm32cubeide_1.10.1/stm32cubeide/plugins/com.st.stm32cube.ide.mcu.externaltools.gnu-tools-for-stm32.10.3-2021.10.win32_1.0.200.202301161003/tools/bin/../lib/gcc/arm-none-eabi/10.3.1/thumb/v7e-m+dp/hard\libgcc.a
LOAD c:/st/stm32cubeide_1.10.1/stm32cubeide/plugins/com.st.stm32cube.ide.mcu.externaltools.gnu-tools-for-stm32.10.3-2021.10.win32_1.0.200.202301161003/tools/bin/../lib/gcc/arm-none-eabi/10.3.1/../../../../arm-none-eabi/lib/thumb/v7e-m+dp/hard\libc_nano.a
LOAD c:/st/stm32cubeide_1.10.1/stm32cubeide/plugins/com.st.stm32cube.ide.mcu.externaltools.gnu-tools-for-stm32.10.3-2021.10.win32_1.0.200.202301161003/tools/bin/../lib/gcc/arm-none-eabi/10.3.1/../../../../arm-none-eabi/lib/thumb/v7e-m+dp/hard\libnosys.a
END GROUP
LOAD c:/st/stm32cubeide_1.10.1/stm32cubeide/plugins/com.st.stm32cube.ide.mcu.externaltools.gnu-tools-for-stm32.10.3-2021.10.win32_1.0.200.202301161003/tools/bin/../lib/gcc/arm-none-eabi/10.3.1/thumb/v7e-m+dp/hard/crtend.o
LOAD c:/st/stm32cubeide_1.10.1/stm32cubeide/plugins/com.st.stm32cube.ide.mcu.externaltools.gnu-tools-for-stm32.10.3-2021.10.win32_1.0.200.202301161003/tools/bin/../lib/gcc/arm-none-eabi/10.3.1/thumb/v7e-m+dp/hard/crtn.o
                0x0000000024080000                _estack = (ORIGIN (RAM_D1) + LENGTH (RAM_D1))
                0x0000000000000200                _Min_Heap_Size = 0x200
                0x0000000000000400                _Min_Stack_Size = 0x400

.isr_vector     0x0000000008000000      0x298
                0x0000000008000000                . = ALIGN (0x4)
 *(.isr_vector)
 .isr_vector    0x0000000008000000      0x298 ./Core/Startup/startup_stm32h757iitx.o
                0x0000000008000000                g_pfnVectors
                0x0000000008000298                . = ALIGN (0x4)

.text           0x00000000080002a0     0xd8d0
                0x00000000080002a0                . = ALIGN (0x4)
 *(.text)
 .text          0x00000000080002a0       0x40 c:/st/stm32cubeide_1.10.1/stm32cubeide/plugins/com.st.stm32cube.ide.mcu.externaltools.gnu-tools-for-stm32.10.3-2021.10.win32_1.0.200.202301161003/tools/bin/../lib/gcc/arm-none-eabi/10.3.1/thumb/v7e-m+dp/hard/crtbegin.o
 .text          0x00000000080002e0       0xa0 c:/st/stm32cubeide_1.10.1/stm32cubeide/plugins/com.st.stm32cube.ide.mcu.externaltools.gnu-tools-for-stm32.10.3-2021.10.win32_1.0.200.202301161003/tools/bin/../lib/gcc/arm-none-eabi/10.3.1/../../../../arm-none-eabi/lib/thumb/v7e-m+dp/hard\libc_nano.a(lib_a-memchr.o)
                0x00000000080002e0                memchr
 .text          0x0000000008000380       0x30 c:/st/stm32cubeide_1.10.1/stm32cubeide/plugins/com.st.stm32cube.ide.mcu.externaltools.gnu-tools-for-stm32.10.3-2021.10.win32_1.0.200.202301161003/tools/bin/../lib/gcc/arm-none-eabi/10.3.1/thumb/v7e-m+dp/hard\libgcc.a(_aeabi_uldivmod.o)
                0x0000000008000380                __aeabi_uldivmod
 .text          0x00000000080003b0      0x2d0 c:/st/stm32cubeide_1.10.1/stm32cubeide/plugins/com.st.stm32cube.ide.mcu.externaltools.gnu-tools-for-stm32.10.3-2021.10.win32_1.0.200.202301161003/tools/bin/../lib/gcc/arm-none-eabi/10.3.1/thumb/v7e-m+dp/hard\libgcc.a(_udivmoddi4.o)
                0x00000000080003b0                __udivmoddi4
 .text          0x0000000008000680        0x4 c:/st/stm32cubeide_1.10.1/stm32cubeide/plugins/com.st.stm32cube.ide.mcu.externaltools.gnu-tools-for-stm32.10.3-2021.10.win32_1.0.200.202301161003/tools/bin/../lib/gcc/arm-none-eabi/10.3.1/thumb/v7e-m+dp/hard\libgcc.a(_dvmd_tls.o)
                0x0000000008000680                __aeabi_idiv0
                0x0000000008000680                __aeabi_ldiv0
 *(.text*)
 .text.SystemInit
                0x0000000008000684      0x12c ./Common/Src/system_stm32h7xx_dualcore_boot_cm4_cm7.o
                0x0000000008000684                SystemInit
 .text.main     0x00000000080007b0      0x188 ./Core/Src/main.o
                0x00000000080007b0                main
 .text.SystemClock_Config
                0x0000000008000938       0xe0 ./Core/Src/main.o
                0x0000000008000938                SystemClock_Config
 .text.MX_USART6_UART_Init
                0x0000000008000a18       0x98 ./Core/Src/main.o
 .text.MX_DMA_Init
                0x0000000008000ab0       0x40 ./Core/Src/main.o
 .text.MX_GPIO_Init
                0x0000000008000af0       0x54 ./Core/Src/main.o
 .text.Error_Handler
                0x0000000008000b44        0xa ./Core/Src/main.o
                0x0000000008000b44                Error_Handler
 *fill*         0x0000000008000b4e        0x2 
 .text.HAL_MspInit
                0x0000000008000b50       0x34 ./Core/Src/stm32h7xx_hal_msp.o
                0x0000000008000b50                HAL_MspInit
 .text.HAL_UART_MspInit
                0x0000000008000b84      0x138 ./Core/Src/stm32h7xx_hal_msp.o
                0x0000000008000b84                HAL_UART_MspInit
 .text.NMI_Handler
                0x0000000008000cbc        0x6 ./Core/Src/stm32h7xx_it.o
                0x0000000008000cbc                NMI_Handler
 .text.HardFault_Handler
                0x0000000008000cc2        0x6 ./Core/Src/stm32h7xx_it.o
                0x0000000008000cc2                HardFault_Handler
 .text.MemManage_Handler
                0x0000000008000cc8        0x6 ./Core/Src/stm32h7xx_it.o
                0x0000000008000cc8                MemManage_Handler
 .text.BusFault_Handler
                0x0000000008000cce        0x6 ./Core/Src/stm32h7xx_it.o
                0x0000000008000cce                BusFault_Handler
 .text.UsageFault_Handler
                0x0000000008000cd4        0x6 ./Core/Src/stm32h7xx_it.o
                0x0000000008000cd4                UsageFault_Handler
 .text.SVC_Handler
                0x0000000008000cda        0xe ./Core/Src/stm32h7xx_it.o
                0x0000000008000cda                SVC_Handler
 .text.DebugMon_Handler
                0x0000000008000ce8        0xe ./Core/Src/stm32h7xx_it.o
                0x0000000008000ce8                DebugMon_Handler
 .text.PendSV_Handler
                0x0000000008000cf6        0xe ./Core/Src/stm32h7xx_it.o
                0x0000000008000cf6                PendSV_Handler
 .text.SysTick_Handler
                0x0000000008000d04        0xc ./Core/Src/stm32h7xx_it.o
                0x0000000008000d04                SysTick_Handler
 .text.DMA1_Stream0_IRQHandler
                0x0000000008000d10       0x14 ./Core/Src/stm32h7xx_it.o
                0x0000000008000d10                DMA1_Stream0_IRQHandler
 .text.OTG_FS_IRQHandler
                0x0000000008000d24       0x14 ./Core/Src/stm32h7xx_it.o
                0x0000000008000d24                OTG_FS_IRQHandler
 .text._sbrk    0x0000000008000d38       0x6c ./Core/Src/sysmem.o
                0x0000000008000d38                _sbrk
 .text.Reset_Handler
                0x0000000008000da4       0x50 ./Core/Startup/startup_stm32h757iitx.o
                0x0000000008000da4                Reset_Handler
 .text.Default_Handler
                0x0000000008000df4        0x2 ./Core/Startup/startup_stm32h757iitx.o
                0x0000000008000df4                RTC_Alarm_IRQHandler
                0x0000000008000df4                HASH_RNG_IRQHandler
                0x0000000008000df4                EXTI2_IRQHandler
                0x0000000008000df4                TIM8_CC_IRQHandler
                0x0000000008000df4                HRTIM1_Master_IRQHandler
                0x0000000008000df4                UART8_IRQHandler
                0x0000000008000df4                SPI4_IRQHandler
                0x0000000008000df4                TIM1_CC_IRQHandler
                0x0000000008000df4                BDMA_Channel6_IRQHandler
                0x0000000008000df4                DMA2_Stream5_IRQHandler
                0x0000000008000df4                HRTIM1_FLT_IRQHandler
                0x0000000008000df4                JPEG_IRQHandler
                0x0000000008000df4                DMA1_Stream5_IRQHandler
                0x0000000008000df4                BDMA_Channel1_IRQHandler
                0x0000000008000df4                HRTIM1_TIMD_IRQHandler
                0x0000000008000df4                TAMP_STAMP_IRQHandler
                0x0000000008000df4                EXTI3_IRQHandler
                0x0000000008000df4                LPTIM4_IRQHandler
                0x0000000008000df4                TIM8_TRG_COM_TIM14_IRQHandler
                0x0000000008000df4                LPTIM2_IRQHandler
                0x0000000008000df4                DFSDM1_FLT1_IRQHandler
                0x0000000008000df4                DMAMUX2_OVR_IRQHandler
                0x0000000008000df4                TIM8_UP_TIM13_IRQHandler
                0x0000000008000df4                I2C3_ER_IRQHandler
                0x0000000008000df4                DFSDM1_FLT2_IRQHandler
                0x0000000008000df4                MDMA_IRQHandler
                0x0000000008000df4                LPTIM3_IRQHandler
                0x0000000008000df4                HSEM1_IRQHandler
                0x0000000008000df4                EXTI0_IRQHandler
                0x0000000008000df4                I2C2_EV_IRQHandler
                0x0000000008000df4                DMA1_Stream2_IRQHandler
                0x0000000008000df4                FPU_IRQHandler
                0x0000000008000df4                OTG_HS_WKUP_IRQHandler
                0x0000000008000df4                FDCAN1_IT1_IRQHandler
                0x0000000008000df4                LTDC_ER_IRQHandler
                0x0000000008000df4                DMA2_Stream2_IRQHandler
                0x0000000008000df4                HRTIM1_TIME_IRQHandler
                0x0000000008000df4                SPI1_IRQHandler
                0x0000000008000df4                TIM6_DAC_IRQHandler
                0x0000000008000df4                DCMI_IRQHandler
                0x0000000008000df4                HRTIM1_TIMC_IRQHandler
                0x0000000008000df4                DMA2_Stream3_IRQHandler
                0x0000000008000df4                SAI2_IRQHandler
                0x0000000008000df4                DFSDM1_FLT3_IRQHandler
                0x0000000008000df4                USART6_IRQHandler
                0x0000000008000df4                TIM17_IRQHandler
                0x0000000008000df4                USART3_IRQHandler
                0x0000000008000df4                BDMA_Channel7_IRQHandler
                0x0000000008000df4                CRYP_IRQHandler
                0x0000000008000df4                LPTIM5_IRQHandler
                0x0000000008000df4                UART5_IRQHandler
                0x0000000008000df4                ADC3_IRQHandler
                0x0000000008000df4                DMA2_Stream0_IRQHandler
                0x0000000008000df4                TIM4_IRQHandler
                0x0000000008000df4                BDMA_Channel2_IRQHandler
                0x0000000008000df4                QUADSPI_IRQHandler
                0x0000000008000df4                I2C1_EV_IRQHandler
                0x0000000008000df4                DMA1_Stream6_IRQHandler
                0x0000000008000df4                DMAMUX1_OVR_IRQHandler
                0x0000000008000df4                DMA1_Stream1_IRQHandler
                0x0000000008000df4                TIM16_IRQHandler
                0x0000000008000df4                UART4_IRQHandler
                0x0000000008000df4                BDMA_Channel5_IRQHandler
                0x0000000008000df4                TIM3_IRQHandler
                0x0000000008000df4                RCC_IRQHandler
                0x0000000008000df4                TIM8_BRK_TIM12_IRQHandler
                0x0000000008000df4                TIM1_TRG_COM_IRQHandler
                0x0000000008000df4                Default_Handler
                0x0000000008000df4                ECC_IRQHandler
                0x0000000008000df4                CEC_IRQHandler
                0x0000000008000df4                EXTI15_10_IRQHandler
                0x0000000008000df4                BDMA_Channel0_IRQHandler
                0x0000000008000df4                ADC_IRQHandler
                0x0000000008000df4                DMA1_Stream7_IRQHandler
                0x0000000008000df4                HRTIM1_TIMA_IRQHandler
                0x0000000008000df4                SPI5_IRQHandler
                0x0000000008000df4                TIM7_IRQHandler
                0x0000000008000df4                SDMMC1_IRQHandler
                0x0000000008000df4                TIM5_IRQHandler
                0x0000000008000df4                DMA2_Stream7_IRQHandler
                0x0000000008000df4                TIM15_IRQHandler
                0x0000000008000df4                PVD_AVD_IRQHandler
                0x0000000008000df4                I2C3_EV_IRQHandler
                0x0000000008000df4                EXTI9_5_IRQHandler
                0x0000000008000df4                RTC_WKUP_IRQHandler
                0x0000000008000df4                LTDC_IRQHandler
                0x0000000008000df4                SAI3_IRQHandler
                0x0000000008000df4                ETH_WKUP_IRQHandler
                0x0000000008000df4                SPDIF_RX_IRQHandler
                0x0000000008000df4                SPI2_IRQHandler
                0x0000000008000df4                OTG_HS_EP1_IN_IRQHandler
                0x0000000008000df4                CRS_IRQHandler
                0x0000000008000df4                CM7_SEV_IRQHandler
                0x0000000008000df4                EXTI4_IRQHandler
                0x0000000008000df4                CM4_SEV_IRQHandler
                0x0000000008000df4                HRTIM1_TIMB_IRQHandler
                0x0000000008000df4                FDCAN2_IT1_IRQHandler
                0x0000000008000df4                DSI_IRQHandler
                0x0000000008000df4                ETH_IRQHandler
                0x0000000008000df4                TIM1_UP_IRQHandler
                0x0000000008000df4                WWDG_RST_IRQHandler
                0x0000000008000df4                BDMA_Channel4_IRQHandler
                0x0000000008000df4                OTG_HS_EP1_OUT_IRQHandler
                0x0000000008000df4                WWDG_IRQHandler
                0x0000000008000df4                SPI6_IRQHandler
                0x0000000008000df4                MDIOS_IRQHandler
                0x0000000008000df4                I2C4_EV_IRQHandler
                0x0000000008000df4                FDCAN2_IT0_IRQHandler
                0x0000000008000df4                LPUART1_IRQHandler
                0x0000000008000df4                FDCAN1_IT0_IRQHandler
                0x0000000008000df4                TIM2_IRQHandler
                0x0000000008000df4                OTG_FS_WKUP_IRQHandler
                0x0000000008000df4                OTG_HS_IRQHandler
                0x0000000008000df4                HSEM2_IRQHandler
                0x0000000008000df4                DMA2D_IRQHandler
                0x0000000008000df4                TIM1_BRK_IRQHandler
                0x0000000008000df4                EXTI1_IRQHandler
                0x0000000008000df4                SDMMC2_IRQHandler
                0x0000000008000df4                OTG_FS_EP1_OUT_IRQHandler
                0x0000000008000df4                BDMA_Channel3_IRQHandler
                0x0000000008000df4                HOLD_CORE_IRQHandler
                0x0000000008000df4                UART7_IRQHandler
                0x0000000008000df4                MDIOS_WKUP_IRQHandler
                0x0000000008000df4                USART2_IRQHandler
                0x0000000008000df4                DFSDM1_FLT0_IRQHandler
                0x0000000008000df4                SAI4_IRQHandler
                0x0000000008000df4                I2C2_ER_IRQHandler
                0x0000000008000df4                DMA2_Stream1_IRQHandler
                0x0000000008000df4                FLASH_IRQHandler
                0x0000000008000df4                DMA2_Stream4_IRQHandler
                0x0000000008000df4                USART1_IRQHandler
                0x0000000008000df4                SPI3_IRQHandler
                0x0000000008000df4                WAKEUP_PIN_IRQHandler
                0x0000000008000df4                DMA1_Stream4_IRQHandler
                0x0000000008000df4                OTG_FS_EP1_IN_IRQHandler
                0x0000000008000df4                I2C1_ER_IRQHandler
                0x0000000008000df4                FMC_IRQHandler
                0x0000000008000df4                FDCAN_CAL_IRQHandler
                0x0000000008000df4                SWPMI1_IRQHandler
                0x0000000008000df4                COMP1_IRQHandler
                0x0000000008000df4                LPTIM1_IRQHandler
                0x0000000008000df4                I2C4_ER_IRQHandler
                0x0000000008000df4                DMA2_Stream6_IRQHandler
                0x0000000008000df4                SAI1_IRQHandler
                0x0000000008000df4                DMA1_Stream3_IRQHandler
 *fill*         0x0000000008000df6        0x2 
 .text.HAL_Init
                0x0000000008000df8       0x78 ./Drivers/STM32H7xx_HAL_Driver/stm32h7xx_hal.o
                0x0000000008000df8                HAL_Init
 .text.HAL_InitTick
                0x0000000008000e70       0x6c ./Drivers/STM32H7xx_HAL_Driver/stm32h7xx_hal.o
                0x0000000008000e70                HAL_InitTick
 .text.HAL_IncTick
                0x0000000008000edc       0x28 ./Drivers/STM32H7xx_HAL_Driver/stm32h7xx_hal.o
                0x0000000008000edc                HAL_IncTick
 .text.HAL_GetTick
                0x0000000008000f04       0x18 ./Drivers/STM32H7xx_HAL_Driver/stm32h7xx_hal.o
                0x0000000008000f04                HAL_GetTick
 .text.HAL_Delay
                0x0000000008000f1c       0x48 ./Drivers/STM32H7xx_HAL_Driver/stm32h7xx_hal.o
                0x0000000008000f1c                HAL_Delay
 .text.HAL_GetREVID
                0x0000000008000f64       0x18 ./Drivers/STM32H7xx_HAL_Driver/stm32h7xx_hal.o
                0x0000000008000f64                HAL_GetREVID
 .text.__NVIC_SetPriorityGrouping
                0x0000000008000f7c       0x48 ./Drivers/STM32H7xx_HAL_Driver/stm32h7xx_hal_cortex.o
 .text.__NVIC_GetPriorityGrouping
                0x0000000008000fc4       0x1c ./Drivers/STM32H7xx_HAL_Driver/stm32h7xx_hal_cortex.o
 .text.__NVIC_EnableIRQ
                0x0000000008000fe0       0x3c ./Drivers/STM32H7xx_HAL_Driver/stm32h7xx_hal_cortex.o
 .text.__NVIC_SetPriority
                0x000000000800101c       0x54 ./Drivers/STM32H7xx_HAL_Driver/stm32h7xx_hal_cortex.o
 .text.NVIC_EncodePriority
                0x0000000008001070       0x66 ./Drivers/STM32H7xx_HAL_Driver/stm32h7xx_hal_cortex.o
 *fill*         0x00000000080010d6        0x2 
 .text.SysTick_Config
                0x00000000080010d8       0x44 ./Drivers/STM32H7xx_HAL_Driver/stm32h7xx_hal_cortex.o
 .text.HAL_NVIC_SetPriorityGrouping
                0x000000000800111c       0x16 ./Drivers/STM32H7xx_HAL_Driver/stm32h7xx_hal_cortex.o
                0x000000000800111c                HAL_NVIC_SetPriorityGrouping
 .text.HAL_NVIC_SetPriority
                0x0000000008001132       0x34 ./Drivers/STM32H7xx_HAL_Driver/stm32h7xx_hal_cortex.o
                0x0000000008001132                HAL_NVIC_SetPriority
 .text.HAL_NVIC_EnableIRQ
                0x0000000008001166       0x1c ./Drivers/STM32H7xx_HAL_Driver/stm32h7xx_hal_cortex.o
                0x0000000008001166                HAL_NVIC_EnableIRQ
 .text.HAL_SYSTICK_Config
                0x0000000008001182       0x18 ./Drivers/STM32H7xx_HAL_Driver/stm32h7xx_hal_cortex.o
                0x0000000008001182                HAL_SYSTICK_Config
 *fill*         0x000000000800119a        0x2 
 .text.HAL_DMA_Init
                0x000000000800119c      0x6b8 ./Drivers/STM32H7xx_HAL_Driver/stm32h7xx_hal_dma.o
                0x000000000800119c                HAL_DMA_Init
 .text.HAL_DMA_Start_IT
                0x0000000008001854      0x4d4 ./Drivers/STM32H7xx_HAL_Driver/stm32h7xx_hal_dma.o
                0x0000000008001854                HAL_DMA_Start_IT
 .text.HAL_DMA_IRQHandler
                0x0000000008001d28      0xe54 ./Drivers/STM32H7xx_HAL_Driver/stm32h7xx_hal_dma.o
                0x0000000008001d28                HAL_DMA_IRQHandler
 .text.DMA_SetConfig
                0x0000000008002b7c      0x358 ./Drivers/STM32H7xx_HAL_Driver/stm32h7xx_hal_dma.o
 .text.DMA_CalcBaseAndBitshift
                0x0000000008002ed4      0x164 ./Drivers/STM32H7xx_HAL_Driver/stm32h7xx_hal_dma.o
 .text.DMA_CheckFifoParam
                0x0000000008003038       0xf8 ./Drivers/STM32H7xx_HAL_Driver/stm32h7xx_hal_dma.o
 .text.DMA_CalcDMAMUXChannelBaseAndMask
                0x0000000008003130      0x134 ./Drivers/STM32H7xx_HAL_Driver/stm32h7xx_hal_dma.o
 .text.DMA_CalcDMAMUXRequestGenBaseAndMask
                0x0000000008003264       0xe8 ./Drivers/STM32H7xx_HAL_Driver/stm32h7xx_hal_dma.o
 .text.HAL_GPIO_Init
                0x000000000800334c      0x360 ./Drivers/STM32H7xx_HAL_Driver/stm32h7xx_hal_gpio.o
                0x000000000800334c                HAL_GPIO_Init
 .text.HAL_HSEM_FastTake
                0x00000000080036ac       0x34 ./Drivers/STM32H7xx_HAL_Driver/stm32h7xx_hal_hsem.o
                0x00000000080036ac                HAL_HSEM_FastTake
 .text.HAL_HSEM_Release
                0x00000000080036e0       0x28 ./Drivers/STM32H7xx_HAL_Driver/stm32h7xx_hal_hsem.o
                0x00000000080036e0                HAL_HSEM_Release
 .text.HAL_PCD_Init
                0x0000000008003708      0x248 ./Drivers/STM32H7xx_HAL_Driver/stm32h7xx_hal_pcd.o
                0x0000000008003708                HAL_PCD_Init
 .text.HAL_PCD_Start
                0x0000000008003950       0x6a ./Drivers/STM32H7xx_HAL_Driver/stm32h7xx_hal_pcd.o
                0x0000000008003950                HAL_PCD_Start
 .text.HAL_PCD_IRQHandler
                0x00000000080039ba      0x998 ./Drivers/STM32H7xx_HAL_Driver/stm32h7xx_hal_pcd.o
                0x00000000080039ba                HAL_PCD_IRQHandler
 .text.HAL_PCD_SetAddress
                0x0000000008004352       0x4a ./Drivers/STM32H7xx_HAL_Driver/stm32h7xx_hal_pcd.o
                0x0000000008004352                HAL_PCD_SetAddress
 .text.HAL_PCD_EP_Open
                0x000000000800439c       0xd0 ./Drivers/STM32H7xx_HAL_Driver/stm32h7xx_hal_pcd.o
                0x000000000800439c                HAL_PCD_EP_Open
 .text.HAL_PCD_EP_Close
                0x000000000800446c       0x94 ./Drivers/STM32H7xx_HAL_Driver/stm32h7xx_hal_pcd.o
                0x000000000800446c                HAL_PCD_EP_Close
 .text.HAL_PCD_EP_Receive
                0x0000000008004500       0x78 ./Drivers/STM32H7xx_HAL_Driver/stm32h7xx_hal_pcd.o
                0x0000000008004500                HAL_PCD_EP_Receive
 .text.HAL_PCD_EP_GetRxCount
                0x0000000008004578       0x30 ./Drivers/STM32H7xx_HAL_Driver/stm32h7xx_hal_pcd.o
                0x0000000008004578                HAL_PCD_EP_GetRxCount
 .text.HAL_PCD_EP_Transmit
                0x00000000080045a8       0x76 ./Drivers/STM32H7xx_HAL_Driver/stm32h7xx_hal_pcd.o
                0x00000000080045a8                HAL_PCD_EP_Transmit
 .text.HAL_PCD_EP_SetStall
                0x000000000800461e       0xc8 ./Drivers/STM32H7xx_HAL_Driver/stm32h7xx_hal_pcd.o
                0x000000000800461e                HAL_PCD_EP_SetStall
 .text.HAL_PCD_EP_ClrStall
                0x00000000080046e6       0xac ./Drivers/STM32H7xx_HAL_Driver/stm32h7xx_hal_pcd.o
                0x00000000080046e6                HAL_PCD_EP_ClrStall
 .text.HAL_PCD_EP_Abort
                0x0000000008004792       0x62 ./Drivers/STM32H7xx_HAL_Driver/stm32h7xx_hal_pcd.o
                0x0000000008004792                HAL_PCD_EP_Abort
 .text.PCD_WriteEmptyTxFifo
                0x00000000080047f4      0x11a ./Drivers/STM32H7xx_HAL_Driver/stm32h7xx_hal_pcd.o
 *fill*         0x000000000800490e        0x2 
 .text.PCD_EP_OutXfrComplete_int
                0x0000000008004910      0x1d0 ./Drivers/STM32H7xx_HAL_Driver/stm32h7xx_hal_pcd.o
 .text.PCD_EP_OutSetupPacket_int
                0x0000000008004ae0       0x8c ./Drivers/STM32H7xx_HAL_Driver/stm32h7xx_hal_pcd.o
 .text.HAL_PCDEx_SetTxFiFo
                0x0000000008004b6c       0x8e ./Drivers/STM32H7xx_HAL_Driver/stm32h7xx_hal_pcd_ex.o
                0x0000000008004b6c                HAL_PCDEx_SetTxFiFo
 .text.HAL_PCDEx_SetRxFiFo
                0x0000000008004bfa       0x22 ./Drivers/STM32H7xx_HAL_Driver/stm32h7xx_hal_pcd_ex.o
                0x0000000008004bfa                HAL_PCDEx_SetRxFiFo
 .text.HAL_PCDEx_ActivateLPM
                0x0000000008004c1c       0x48 ./Drivers/STM32H7xx_HAL_Driver/stm32h7xx_hal_pcd_ex.o
                0x0000000008004c1c                HAL_PCDEx_ActivateLPM
 .text.HAL_PCDEx_LPM_Callback
                0x0000000008004c64       0x18 ./Drivers/STM32H7xx_HAL_Driver/stm32h7xx_hal_pcd_ex.o
                0x0000000008004c64                HAL_PCDEx_LPM_Callback
 .text.HAL_PWREx_ConfigSupply
                0x0000000008004c7c       0xb4 ./Drivers/STM32H7xx_HAL_Driver/stm32h7xx_hal_pwr_ex.o
                0x0000000008004c7c                HAL_PWREx_ConfigSupply
 .text.HAL_PWREx_EnableUSBVoltageDetector
                0x0000000008004d30       0x20 ./Drivers/STM32H7xx_HAL_Driver/stm32h7xx_hal_pwr_ex.o
                0x0000000008004d30                HAL_PWREx_EnableUSBVoltageDetector
 .text.HAL_RCC_OscConfig
                0x0000000008004d50      0x8b4 ./Drivers/STM32H7xx_HAL_Driver/stm32h7xx_hal_rcc.o
                0x0000000008004d50                HAL_RCC_OscConfig
 .text.HAL_RCC_ClockConfig
                0x0000000008005604      0x36c ./Drivers/STM32H7xx_HAL_Driver/stm32h7xx_hal_rcc.o
                0x0000000008005604                HAL_RCC_ClockConfig
 .text.HAL_RCC_GetSysClockFreq
                0x0000000008005970      0x2f4 ./Drivers/STM32H7xx_HAL_Driver/stm32h7xx_hal_rcc.o
                0x0000000008005970                HAL_RCC_GetSysClockFreq
 .text.HAL_RCC_GetHCLKFreq
                0x0000000008005c64       0x60 ./Drivers/STM32H7xx_HAL_Driver/stm32h7xx_hal_rcc.o
                0x0000000008005c64                HAL_RCC_GetHCLKFreq
 .text.HAL_RCC_GetPCLK1Freq
                0x0000000008005cc4       0x2c ./Drivers/STM32H7xx_HAL_Driver/stm32h7xx_hal_rcc.o
                0x0000000008005cc4                HAL_RCC_GetPCLK1Freq
 .text.HAL_RCC_GetPCLK2Freq
                0x0000000008005cf0       0x2c ./Drivers/STM32H7xx_HAL_Driver/stm32h7xx_hal_rcc.o
                0x0000000008005cf0                HAL_RCC_GetPCLK2Freq
 .text.HAL_RCCEx_PeriphCLKConfig
                0x0000000008005d1c     0x1494 ./Drivers/STM32H7xx_HAL_Driver/stm32h7xx_hal_rcc_ex.o
                0x0000000008005d1c                HAL_RCCEx_PeriphCLKConfig
 .text.HAL_RCCEx_GetD3PCLK1Freq
                0x00000000080071b0       0x2c ./Drivers/STM32H7xx_HAL_Driver/stm32h7xx_hal_rcc_ex.o
                0x00000000080071b0                HAL_RCCEx_GetD3PCLK1Freq
 .text.HAL_RCCEx_GetPLL2ClockFreq
                0x00000000080071dc      0x2a8 ./Drivers/STM32H7xx_HAL_Driver/stm32h7xx_hal_rcc_ex.o
                0x00000000080071dc                HAL_RCCEx_GetPLL2ClockFreq
 .text.HAL_RCCEx_GetPLL3ClockFreq
                0x0000000008007484      0x2a8 ./Drivers/STM32H7xx_HAL_Driver/stm32h7xx_hal_rcc_ex.o
                0x0000000008007484                HAL_RCCEx_GetPLL3ClockFreq
 .text.RCCEx_PLL2_Config
                0x000000000800772c      0x164 ./Drivers/STM32H7xx_HAL_Driver/stm32h7xx_hal_rcc_ex.o
 .text.RCCEx_PLL3_Config
                0x0000000008007890      0x164 ./Drivers/STM32H7xx_HAL_Driver/stm32h7xx_hal_rcc_ex.o
 .text.HAL_UART_Init
                0x00000000080079f4       0xa0 ./Drivers/STM32H7xx_HAL_Driver/stm32h7xx_hal_uart.o
                0x00000000080079f4                HAL_UART_Init
 .text.HAL_UART_Receive_DMA
                0x0000000008007a94       0x98 ./Drivers/STM32H7xx_HAL_Driver/stm32h7xx_hal_uart.o
                0x0000000008007a94                HAL_UART_Receive_DMA
 .text.HAL_UART_RxCpltCallback
                0x0000000008007b2c       0x14 ./Drivers/STM32H7xx_HAL_Driver/stm32h7xx_hal_uart.o
                0x0000000008007b2c                HAL_UART_RxCpltCallback
 .text.HAL_UART_RxHalfCpltCallback
                0x0000000008007b40       0x14 ./Drivers/STM32H7xx_HAL_Driver/stm32h7xx_hal_uart.o
                0x0000000008007b40                HAL_UART_RxHalfCpltCallback
 .text.HAL_UART_ErrorCallback
                0x0000000008007b54       0x14 ./Drivers/STM32H7xx_HAL_Driver/stm32h7xx_hal_uart.o
                0x0000000008007b54                HAL_UART_ErrorCallback
 .text.HAL_UARTEx_RxEventCallback
                0x0000000008007b68       0x18 ./Drivers/STM32H7xx_HAL_Driver/stm32h7xx_hal_uart.o
                0x0000000008007b68                HAL_UARTEx_RxEventCallback
 .text.UART_SetConfig
                0x0000000008007b80      0xad0 ./Drivers/STM32H7xx_HAL_Driver/stm32h7xx_hal_uart.o
                0x0000000008007b80                UART_SetConfig
 .text.UART_AdvFeatureConfig
                0x0000000008008650      0x144 ./Drivers/STM32H7xx_HAL_Driver/stm32h7xx_hal_uart.o
                0x0000000008008650                UART_AdvFeatureConfig
 .text.UART_CheckIdleState
                0x0000000008008794      0x154 ./Drivers/STM32H7xx_HAL_Driver/stm32h7xx_hal_uart.o
                0x0000000008008794                UART_CheckIdleState
 .text.UART_WaitOnFlagUntilTimeout
                0x00000000080088e8       0xce ./Drivers/STM32H7xx_HAL_Driver/stm32h7xx_hal_uart.o
                0x00000000080088e8                UART_WaitOnFlagUntilTimeout
 *fill*         0x00000000080089b6        0x2 
 .text.UART_Start_Receive_DMA
                0x00000000080089b8      0x14c ./Drivers/STM32H7xx_HAL_Driver/stm32h7xx_hal_uart.o
                0x00000000080089b8                UART_Start_Receive_DMA
 .text.UART_EndTxTransfer
                0x0000000008008b04       0x82 ./Drivers/STM32H7xx_HAL_Driver/stm32h7xx_hal_uart.o
 *fill*         0x0000000008008b86        0x2 
 .text.UART_EndRxTransfer
                0x0000000008008b88       0xcc ./Drivers/STM32H7xx_HAL_Driver/stm32h7xx_hal_uart.o
 .text.UART_DMAReceiveCplt
                0x0000000008008c54      0x128 ./Drivers/STM32H7xx_HAL_Driver/stm32h7xx_hal_uart.o
 .text.UART_DMARxHalfCplt
                0x0000000008008d7c       0x3e ./Drivers/STM32H7xx_HAL_Driver/stm32h7xx_hal_uart.o
 .text.UART_DMAError
                0x0000000008008dba       0x80 ./Drivers/STM32H7xx_HAL_Driver/stm32h7xx_hal_uart.o
 .text.HAL_UARTEx_DisableFifoMode
                0x0000000008008e3a       0x72 ./Drivers/STM32H7xx_HAL_Driver/stm32h7xx_hal_uart_ex.o
                0x0000000008008e3a                HAL_UARTEx_DisableFifoMode
 .text.HAL_UARTEx_SetTxFifoThreshold
                0x0000000008008eac       0x7c ./Drivers/STM32H7xx_HAL_Driver/stm32h7xx_hal_uart_ex.o
                0x0000000008008eac                HAL_UARTEx_SetTxFifoThreshold
 .text.HAL_UARTEx_SetRxFifoThreshold
                0x0000000008008f28       0x7c ./Drivers/STM32H7xx_HAL_Driver/stm32h7xx_hal_uart_ex.o
                0x0000000008008f28                HAL_UARTEx_SetRxFifoThreshold
 .text.UARTEx_SetNbDataToProcess
                0x0000000008008fa4       0x9c ./Drivers/STM32H7xx_HAL_Driver/stm32h7xx_hal_uart_ex.o
 .text.USB_CoreInit
                0x0000000008009040       0xdc ./Drivers/STM32H7xx_HAL_Driver/stm32h7xx_ll_usb.o
                0x0000000008009040                USB_CoreInit
 .text.USB_SetTurnaroundTime
                0x000000000800911c      0x144 ./Drivers/STM32H7xx_HAL_Driver/stm32h7xx_ll_usb.o
                0x000000000800911c                USB_SetTurnaroundTime
 .text.USB_EnableGlobalInt
                0x0000000008009260       0x22 ./Drivers/STM32H7xx_HAL_Driver/stm32h7xx_ll_usb.o
                0x0000000008009260                USB_EnableGlobalInt
 .text.USB_DisableGlobalInt
                0x0000000008009282       0x22 ./Drivers/STM32H7xx_HAL_Driver/stm32h7xx_ll_usb.o
                0x0000000008009282                USB_DisableGlobalInt
 .text.USB_SetCurrentMode
                0x00000000080092a4       0x98 ./Drivers/STM32H7xx_HAL_Driver/stm32h7xx_ll_usb.o
                0x00000000080092a4                USB_SetCurrentMode
 .text.USB_DevInit
                0x000000000800933c      0x2bc ./Drivers/STM32H7xx_HAL_Driver/stm32h7xx_ll_usb.o
                0x000000000800933c                USB_DevInit
 .text.USB_FlushTxFifo
                0x00000000080095f8       0x68 ./Drivers/STM32H7xx_HAL_Driver/stm32h7xx_ll_usb.o
                0x00000000080095f8                USB_FlushTxFifo
 .text.USB_FlushRxFifo
                0x0000000008009660       0x60 ./Drivers/STM32H7xx_HAL_Driver/stm32h7xx_ll_usb.o
                0x0000000008009660                USB_FlushRxFifo
 .text.USB_SetDevSpeed
                0x00000000080096c0       0x32 ./Drivers/STM32H7xx_HAL_Driver/stm32h7xx_ll_usb.o
                0x00000000080096c0                USB_SetDevSpeed
 .text.USB_GetDevSpeed
                0x00000000080096f2       0x4a ./Drivers/STM32H7xx_HAL_Driver/stm32h7xx_ll_usb.o
                0x00000000080096f2                USB_GetDevSpeed
 .text.USB_ActivateEndpoint
                0x000000000800973c      0x110 ./Drivers/STM32H7xx_HAL_Driver/stm32h7xx_ll_usb.o
                0x000000000800973c                USB_ActivateEndpoint
 .text.USB_DeactivateEndpoint
                0x000000000800984c      0x1b8 ./Drivers/STM32H7xx_HAL_Driver/stm32h7xx_ll_usb.o
                0x000000000800984c                USB_DeactivateEndpoint
 .text.USB_EPStartXfer
                0x0000000008009a04      0x540 ./Drivers/STM32H7xx_HAL_Driver/stm32h7xx_ll_usb.o
                0x0000000008009a04                USB_EPStartXfer
 .text.USB_EPStopXfer
                0x0000000008009f44      0x154 ./Drivers/STM32H7xx_HAL_Driver/stm32h7xx_ll_usb.o
                0x0000000008009f44                USB_EPStopXfer
 .text.USB_WritePacket
                0x000000000800a098       0x7c ./Drivers/STM32H7xx_HAL_Driver/stm32h7xx_ll_usb.o
                0x000000000800a098                USB_WritePacket
 .text.USB_ReadPacket
                0x000000000800a114       0xb0 ./Drivers/STM32H7xx_HAL_Driver/stm32h7xx_ll_usb.o
                0x000000000800a114                USB_ReadPacket
 .text.USB_EPSetStall
                0x000000000800a1c4       0xdc ./Drivers/STM32H7xx_HAL_Driver/stm32h7xx_ll_usb.o
                0x000000000800a1c4                USB_EPSetStall
 .text.USB_EPClearStall
                0x000000000800a2a0       0xcc ./Drivers/STM32H7xx_HAL_Driver/stm32h7xx_ll_usb.o
                0x000000000800a2a0                USB_EPClearStall
 .text.USB_SetDevAddress
                0x000000000800a36c       0x4c ./Drivers/STM32H7xx_HAL_Driver/stm32h7xx_ll_usb.o
                0x000000000800a36c                USB_SetDevAddress
 .text.USB_DevConnect
                0x000000000800a3b8       0x42 ./Drivers/STM32H7xx_HAL_Driver/stm32h7xx_ll_usb.o
                0x000000000800a3b8                USB_DevConnect
 .text.USB_DevDisconnect
                0x000000000800a3fa       0x42 ./Drivers/STM32H7xx_HAL_Driver/stm32h7xx_ll_usb.o
                0x000000000800a3fa                USB_DevDisconnect
 .text.USB_ReadInterrupts
                0x000000000800a43c       0x26 ./Drivers/STM32H7xx_HAL_Driver/stm32h7xx_ll_usb.o
                0x000000000800a43c                USB_ReadInterrupts
 .text.USB_ReadDevAllOutEpInterrupt
                0x000000000800a462       0x34 ./Drivers/STM32H7xx_HAL_Driver/stm32h7xx_ll_usb.o
                0x000000000800a462                USB_ReadDevAllOutEpInterrupt
 .text.USB_ReadDevAllInEpInterrupt
                0x000000000800a496       0x34 ./Drivers/STM32H7xx_HAL_Driver/stm32h7xx_ll_usb.o
                0x000000000800a496                USB_ReadDevAllInEpInterrupt
 .text.USB_ReadDevOutEPInterrupt
                0x000000000800a4ca       0x3c ./Drivers/STM32H7xx_HAL_Driver/stm32h7xx_ll_usb.o
                0x000000000800a4ca                USB_ReadDevOutEPInterrupt
 .text.USB_ReadDevInEPInterrupt
                0x000000000800a506       0x5c ./Drivers/STM32H7xx_HAL_Driver/stm32h7xx_ll_usb.o
                0x000000000800a506                USB_ReadDevInEPInterrupt
 .text.USB_GetMode
                0x000000000800a562       0x1c ./Drivers/STM32H7xx_HAL_Driver/stm32h7xx_ll_usb.o
                0x000000000800a562                USB_GetMode
 *fill*         0x000000000800a57e        0x2 
 .text.USB_ActivateSetup
                0x000000000800a580       0x48 ./Drivers/STM32H7xx_HAL_Driver/stm32h7xx_ll_usb.o
                0x000000000800a580                USB_ActivateSetup
 .text.USB_EP0_OutStart
                0x000000000800a5c8       0xbc ./Drivers/STM32H7xx_HAL_Driver/stm32h7xx_ll_usb.o
                0x000000000800a5c8                USB_EP0_OutStart
 .text.USB_CoreReset
                0x000000000800a684       0x68 ./Drivers/STM32H7xx_HAL_Driver/stm32h7xx_ll_usb.o
 .text.USBD_CDC_Init
                0x000000000800a6ec      0x1f0 ./Middlewares/ST/STM32_USB_Device_Library/usbd_cdc.o
 .text.USBD_CDC_DeInit
                0x000000000800a8dc      0x104 ./Middlewares/ST/STM32_USB_Device_Library/usbd_cdc.o
 .text.USBD_CDC_Setup
                0x000000000800a9e0      0x1b8 ./Middlewares/ST/STM32_USB_Device_Library/usbd_cdc.o
 .text.USBD_CDC_DataIn
                0x000000000800ab98       0xfe ./Middlewares/ST/STM32_USB_Device_Library/usbd_cdc.o
 .text.USBD_CDC_DataOut
                0x000000000800ac96       0x70 ./Middlewares/ST/STM32_USB_Device_Library/usbd_cdc.o
 .text.USBD_CDC_EP0_RxReady
                0x000000000800ad06       0x76 ./Middlewares/ST/STM32_USB_Device_Library/usbd_cdc.o
 .text.USBD_CDC_GetFSCfgDesc
                0x000000000800ad7c       0x70 ./Middlewares/ST/STM32_USB_Device_Library/usbd_cdc.o
 .text.USBD_CDC_GetHSCfgDesc
                0x000000000800adec       0x70 ./Middlewares/ST/STM32_USB_Device_Library/usbd_cdc.o
 .text.USBD_CDC_GetOtherSpeedCfgDesc
                0x000000000800ae5c       0x70 ./Middlewares/ST/STM32_USB_Device_Library/usbd_cdc.o
 .text.USBD_CDC_GetDeviceQualifierDescriptor
                0x000000000800aecc       0x20 ./Middlewares/ST/STM32_USB_Device_Library/usbd_cdc.o
                0x000000000800aecc                USBD_CDC_GetDeviceQualifierDescriptor
 .text.USBD_CDC_RegisterInterface
                0x000000000800aeec       0x34 ./Middlewares/ST/STM32_USB_Device_Library/usbd_cdc.o
                0x000000000800aeec                USBD_CDC_RegisterInterface
 .text.USBD_CDC_SetTxBuffer
                0x000000000800af20       0x44 ./Middlewares/ST/STM32_USB_Device_Library/usbd_cdc.o
                0x000000000800af20                USBD_CDC_SetTxBuffer
 .text.USBD_CDC_SetRxBuffer
                0x000000000800af64       0x3a ./Middlewares/ST/STM32_USB_Device_Library/usbd_cdc.o
                0x000000000800af64                USBD_CDC_SetRxBuffer
 *fill*         0x000000000800af9e        0x2 
 .text.USBD_CDC_TransmitPacket
                0x000000000800afa0       0x80 ./Middlewares/ST/STM32_USB_Device_Library/usbd_cdc.o
                0x000000000800afa0                USBD_CDC_TransmitPacket
 .text.USBD_CDC_ReceivePacket
                0x000000000800b020       0x6c ./Middlewares/ST/STM32_USB_Device_Library/usbd_cdc.o
                0x000000000800b020                USBD_CDC_ReceivePacket
 .text.USBD_Init
                0x000000000800b08c       0x60 ./Middlewares/ST/STM32_USB_Device_Library/usbd_core.o
                0x000000000800b08c                USBD_Init
 .text.USBD_RegisterClass
                0x000000000800b0ec       0x6c ./Middlewares/ST/STM32_USB_Device_Library/usbd_core.o
                0x000000000800b0ec                USBD_RegisterClass
 .text.USBD_Start
                0x000000000800b158       0x18 ./Middlewares/ST/STM32_USB_Device_Library/usbd_core.o
                0x000000000800b158                USBD_Start
 .text.USBD_RunTestMode
                0x000000000800b170       0x16 ./Middlewares/ST/STM32_USB_Device_Library/usbd_core.o
                0x000000000800b170                USBD_RunTestMode
 .text.USBD_SetClassConfig
                0x000000000800b186       0x38 ./Middlewares/ST/STM32_USB_Device_Library/usbd_core.o
                0x000000000800b186                USBD_SetClassConfig
 .text.USBD_ClrClassConfig
                0x000000000800b1be       0x34 ./Middlewares/ST/STM32_USB_Device_Library/usbd_core.o
                0x000000000800b1be                USBD_ClrClassConfig
 .text.USBD_LL_SetupStage
                0x000000000800b1f2       0xaa ./Middlewares/ST/STM32_USB_Device_Library/usbd_core.o
                0x000000000800b1f2                USBD_LL_SetupStage
 .text.USBD_LL_DataOutStage
                0x000000000800b29c      0x166 ./Middlewares/ST/STM32_USB_Device_Library/usbd_core.o
                0x000000000800b29c                USBD_LL_DataOutStage
 .text.USBD_LL_DataInStage
                0x000000000800b402      0x164 ./Middlewares/ST/STM32_USB_Device_Library/usbd_core.o
                0x000000000800b402                USBD_LL_DataInStage
 .text.USBD_LL_Reset
                0x000000000800b566       0xa4 ./Middlewares/ST/STM32_USB_Device_Library/usbd_core.o
                0x000000000800b566                USBD_LL_Reset
 .text.USBD_LL_SetSpeed
                0x000000000800b60a       0x20 ./Middlewares/ST/STM32_USB_Device_Library/usbd_core.o
                0x000000000800b60a                USBD_LL_SetSpeed
 .text.USBD_LL_Suspend
                0x000000000800b62a       0x38 ./Middlewares/ST/STM32_USB_Device_Library/usbd_core.o
                0x000000000800b62a                USBD_LL_Suspend
 .text.USBD_LL_Resume
                0x000000000800b662       0x30 ./Middlewares/ST/STM32_USB_Device_Library/usbd_core.o
                0x000000000800b662                USBD_LL_Resume
 .text.USBD_LL_SOF
                0x000000000800b692       0x40 ./Middlewares/ST/STM32_USB_Device_Library/usbd_core.o
                0x000000000800b692                USBD_LL_SOF
 .text.USBD_LL_IsoINIncomplete
                0x000000000800b6d2       0x64 ./Middlewares/ST/STM32_USB_Device_Library/usbd_core.o
                0x000000000800b6d2                USBD_LL_IsoINIncomplete
 .text.USBD_LL_IsoOUTIncomplete
                0x000000000800b736       0x64 ./Middlewares/ST/STM32_USB_Device_Library/usbd_core.o
                0x000000000800b736                USBD_LL_IsoOUTIncomplete
 .text.USBD_LL_DevConnected
                0x000000000800b79a       0x16 ./Middlewares/ST/STM32_USB_Device_Library/usbd_core.o
                0x000000000800b79a                USBD_LL_DevConnected
 .text.USBD_LL_DevDisconnected
                0x000000000800b7b0       0x46 ./Middlewares/ST/STM32_USB_Device_Library/usbd_core.o
                0x000000000800b7b0                USBD_LL_DevDisconnected
 .text.USBD_CoreFindIF
                0x000000000800b7f6       0x1a ./Middlewares/ST/STM32_USB_Device_Library/usbd_core.o
                0x000000000800b7f6                USBD_CoreFindIF
 .text.USBD_CoreFindEP
                0x000000000800b810       0x1a ./Middlewares/ST/STM32_USB_Device_Library/usbd_core.o
                0x000000000800b810                USBD_CoreFindEP
 .text.USBD_GetEpDesc
                0x000000000800b82a       0x74 ./Middlewares/ST/STM32_USB_Device_Library/usbd_core.o
                0x000000000800b82a                USBD_GetEpDesc
 .text.USBD_GetNextDesc
                0x000000000800b89e       0x3a ./Middlewares/ST/STM32_USB_Device_Library/usbd_core.o
                0x000000000800b89e                USBD_GetNextDesc
 .text.SWAPBYTE
                0x000000000800b8d8       0x3c ./Middlewares/ST/STM32_USB_Device_Library/usbd_ctlreq.o
 .text.USBD_StdDevReq
                0x000000000800b914       0xe4 ./Middlewares/ST/STM32_USB_Device_Library/usbd_ctlreq.o
                0x000000000800b914                USBD_StdDevReq
 .text.USBD_StdItfReq
                0x000000000800b9f8       0xd8 ./Middlewares/ST/STM32_USB_Device_Library/usbd_ctlreq.o
                0x000000000800b9f8                USBD_StdItfReq
 .text.USBD_StdEPReq
                0x000000000800bad0      0x33a ./Middlewares/ST/STM32_USB_Device_Library/usbd_ctlreq.o
                0x000000000800bad0                USBD_StdEPReq
 *fill*         0x000000000800be0a        0x2 
 .text.USBD_GetDescriptor
                0x000000000800be0c      0x2d4 ./Middlewares/ST/STM32_USB_Device_Library/usbd_ctlreq.o
 .text.USBD_SetAddress
                0x000000000800c0e0       0x88 ./Middlewares/ST/STM32_USB_Device_Library/usbd_ctlreq.o
 .text.USBD_SetConfig
                0x000000000800c168      0x154 ./Middlewares/ST/STM32_USB_Device_Library/usbd_ctlreq.o
 .text.USBD_GetConfig
                0x000000000800c2bc       0x6c ./Middlewares/ST/STM32_USB_Device_Library/usbd_ctlreq.o
 .text.USBD_GetStatus
                0x000000000800c328       0x68 ./Middlewares/ST/STM32_USB_Device_Library/usbd_ctlreq.o
 .text.USBD_SetFeature
                0x000000000800c390       0x52 ./Middlewares/ST/STM32_USB_Device_Library/usbd_ctlreq.o
 .text.USBD_ClrFeature
                0x000000000800c3e2       0x44 ./Middlewares/ST/STM32_USB_Device_Library/usbd_ctlreq.o
 .text.USBD_ParseSetupRequest
                0x000000000800c426       0x74 ./Middlewares/ST/STM32_USB_Device_Library/usbd_ctlreq.o
                0x000000000800c426                USBD_ParseSetupRequest
 .text.USBD_CtlError
                0x000000000800c49a       0x22 ./Middlewares/ST/STM32_USB_Device_Library/usbd_ctlreq.o
                0x000000000800c49a                USBD_CtlError
 .text.USBD_GetString
                0x000000000800c4bc       0x8c ./Middlewares/ST/STM32_USB_Device_Library/usbd_ctlreq.o
                0x000000000800c4bc                USBD_GetString
 .text.USBD_GetLen
                0x000000000800c548       0x34 ./Middlewares/ST/STM32_USB_Device_Library/usbd_ctlreq.o
 .text.USBD_CtlSendData
                0x000000000800c57c       0x36 ./Middlewares/ST/STM32_USB_Device_Library/usbd_ioreq.o
                0x000000000800c57c                USBD_CtlSendData
 .text.USBD_CtlContinueSendData
                0x000000000800c5b2       0x22 ./Middlewares/ST/STM32_USB_Device_Library/usbd_ioreq.o
                0x000000000800c5b2                USBD_CtlContinueSendData
 .text.USBD_CtlPrepareRx
                0x000000000800c5d4       0x3a ./Middlewares/ST/STM32_USB_Device_Library/usbd_ioreq.o
                0x000000000800c5d4                USBD_CtlPrepareRx
 .text.USBD_CtlContinueRx
                0x000000000800c60e       0x22 ./Middlewares/ST/STM32_USB_Device_Library/usbd_ioreq.o
                0x000000000800c60e                USBD_CtlContinueRx
 .text.USBD_CtlSendStatus
                0x000000000800c630       0x26 ./Middlewares/ST/STM32_USB_Device_Library/usbd_ioreq.o
                0x000000000800c630                USBD_CtlSendStatus
 .text.USBD_CtlReceiveStatus
                0x000000000800c656       0x26 ./Middlewares/ST/STM32_USB_Device_Library/usbd_ioreq.o
                0x000000000800c656                USBD_CtlReceiveStatus
 .text.MX_USB_DEVICE_Init
                0x000000000800c67c       0x64 ./USB_DEVICE/App/usb_device.o
                0x000000000800c67c                MX_USB_DEVICE_Init
 .text.CDC_Init_FS
                0x000000000800c6e0       0x28 ./USB_DEVICE/App/usbd_cdc_if.o
 .text.CDC_DeInit_FS
                0x000000000800c708       0x10 ./USB_DEVICE/App/usbd_cdc_if.o
 .text.CDC_Control_FS
                0x000000000800c718       0xbc ./USB_DEVICE/App/usbd_cdc_if.o
 .text.CDC_Receive_FS
                0x000000000800c7d4       0x28 ./USB_DEVICE/App/usbd_cdc_if.o
 .text.CDC_Transmit_FS
                0x000000000800c7fc       0x4c ./USB_DEVICE/App/usbd_cdc_if.o
                0x000000000800c7fc                CDC_Transmit_FS
 .text.CDC_TransmitCplt_FS
                0x000000000800c848       0x22 ./USB_DEVICE/App/usbd_cdc_if.o
 *fill*         0x000000000800c86a        0x2 
 .text.USBD_FS_DeviceDescriptor
                0x000000000800c86c       0x24 ./USB_DEVICE/App/usbd_desc.o
                0x000000000800c86c                USBD_FS_DeviceDescriptor
 .text.USBD_FS_LangIDStrDescriptor
                0x000000000800c890       0x24 ./USB_DEVICE/App/usbd_desc.o
                0x000000000800c890                USBD_FS_LangIDStrDescriptor
 .text.USBD_FS_ProductStrDescriptor
                0x000000000800c8b4       0x3c ./USB_DEVICE/App/usbd_desc.o
                0x000000000800c8b4                USBD_FS_ProductStrDescriptor
 .text.USBD_FS_ManufacturerStrDescriptor
                0x000000000800c8f0       0x28 ./USB_DEVICE/App/usbd_desc.o
                0x000000000800c8f0                USBD_FS_ManufacturerStrDescriptor
 .text.USBD_FS_SerialStrDescriptor
                0x000000000800c918       0x24 ./USB_DEVICE/App/usbd_desc.o
                0x000000000800c918                USBD_FS_SerialStrDescriptor
 .text.USBD_FS_ConfigStrDescriptor
                0x000000000800c93c       0x3c ./USB_DEVICE/App/usbd_desc.o
                0x000000000800c93c                USBD_FS_ConfigStrDescriptor
 .text.USBD_FS_InterfaceStrDescriptor
                0x000000000800c978       0x3c ./USB_DEVICE/App/usbd_desc.o
                0x000000000800c978                USBD_FS_InterfaceStrDescriptor
 .text.Get_SerialNum
                0x000000000800c9b4       0x58 ./USB_DEVICE/App/usbd_desc.o
 .text.IntToUnicode
                0x000000000800ca0c       0x7e ./USB_DEVICE/App/usbd_desc.o
 *fill*         0x000000000800ca8a        0x2 
 .text.HAL_PCD_MspInit
                0x000000000800ca8c       0xe8 ./USB_DEVICE/Target/usbd_conf.o
                0x000000000800ca8c                HAL_PCD_MspInit
 .text.HAL_PCD_SetupStageCallback
                0x000000000800cb74       0x24 ./USB_DEVICE/Target/usbd_conf.o
                0x000000000800cb74                HAL_PCD_SetupStageCallback
 .text.HAL_PCD_DataOutStageCallback
                0x000000000800cb98       0x36 ./USB_DEVICE/Target/usbd_conf.o
                0x000000000800cb98                HAL_PCD_DataOutStageCallback
 .text.HAL_PCD_DataInStageCallback
                0x000000000800cbce       0x34 ./USB_DEVICE/Target/usbd_conf.o
                0x000000000800cbce                HAL_PCD_DataInStageCallback
 .text.HAL_PCD_SOFCallback
                0x000000000800cc02       0x1c ./USB_DEVICE/Target/usbd_conf.o
                0x000000000800cc02                HAL_PCD_SOFCallback
 .text.HAL_PCD_ResetCallback
                0x000000000800cc1e       0x50 ./USB_DEVICE/Target/usbd_conf.o
                0x000000000800cc1e                HAL_PCD_ResetCallback
 *fill*         0x000000000800cc6e        0x2 
 .text.HAL_PCD_SuspendCallback
                0x000000000800cc70       0x4c ./USB_DEVICE/Target/usbd_conf.o
                0x000000000800cc70                HAL_PCD_SuspendCallback
 .text.HAL_PCD_ResumeCallback
                0x000000000800ccbc       0x1c ./USB_DEVICE/Target/usbd_conf.o
                0x000000000800ccbc                HAL_PCD_ResumeCallback
 .text.HAL_PCD_ISOOUTIncompleteCallback
                0x000000000800ccd8       0x24 ./USB_DEVICE/Target/usbd_conf.o
                0x000000000800ccd8                HAL_PCD_ISOOUTIncompleteCallback
 .text.HAL_PCD_ISOINIncompleteCallback
                0x000000000800ccfc       0x24 ./USB_DEVICE/Target/usbd_conf.o
                0x000000000800ccfc                HAL_PCD_ISOINIncompleteCallback
 .text.HAL_PCD_ConnectCallback
                0x000000000800cd20       0x1c ./USB_DEVICE/Target/usbd_conf.o
                0x000000000800cd20                HAL_PCD_ConnectCallback
 .text.HAL_PCD_DisconnectCallback
                0x000000000800cd3c       0x1c ./USB_DEVICE/Target/usbd_conf.o
                0x000000000800cd3c                HAL_PCD_DisconnectCallback
 .text.USBD_LL_Init
                0x000000000800cd58       0xa0 ./USB_DEVICE/Target/usbd_conf.o
                0x000000000800cd58                USBD_LL_Init
 .text.USBD_LL_Start
                0x000000000800cdf8       0x36 ./USB_DEVICE/Target/usbd_conf.o
                0x000000000800cdf8                USBD_LL_Start
 .text.USBD_LL_OpenEP
                0x000000000800ce2e       0x4c ./USB_DEVICE/Target/usbd_conf.o
                0x000000000800ce2e                USBD_LL_OpenEP
 .text.USBD_LL_CloseEP
                0x000000000800ce7a       0x3e ./USB_DEVICE/Target/usbd_conf.o
                0x000000000800ce7a                USBD_LL_CloseEP
 .text.USBD_LL_StallEP
                0x000000000800ceb8       0x3e ./USB_DEVICE/Target/usbd_conf.o
                0x000000000800ceb8                USBD_LL_StallEP
 .text.USBD_LL_ClearStallEP
                0x000000000800cef6       0x3e ./USB_DEVICE/Target/usbd_conf.o
                0x000000000800cef6                USBD_LL_ClearStallEP
 .text.USBD_LL_IsStallEP
                0x000000000800cf34       0x58 ./USB_DEVICE/Target/usbd_conf.o
                0x000000000800cf34                USBD_LL_IsStallEP
 .text.USBD_LL_SetUSBAddress
                0x000000000800cf8c       0x3e ./USB_DEVICE/Target/usbd_conf.o
                0x000000000800cf8c                USBD_LL_SetUSBAddress
 .text.USBD_LL_Transmit
                0x000000000800cfca       0x42 ./USB_DEVICE/Target/usbd_conf.o
                0x000000000800cfca                USBD_LL_Transmit
 .text.USBD_LL_PrepareReceive
                0x000000000800d00c       0x42 ./USB_DEVICE/Target/usbd_conf.o
                0x000000000800d00c                USBD_LL_PrepareReceive
 .text.USBD_LL_GetRxDataSize
                0x000000000800d04e       0x26 ./USB_DEVICE/Target/usbd_conf.o
                0x000000000800d04e                USBD_LL_GetRxDataSize
 .text.USBD_static_malloc
                0x000000000800d074       0x1c ./USB_DEVICE/Target/usbd_conf.o
                0x000000000800d074                USBD_static_malloc
 .text.USBD_static_free
                0x000000000800d090       0x14 ./USB_DEVICE/Target/usbd_conf.o
                0x000000000800d090                USBD_static_free
 .text.USBD_Get_USB_Status
                0x000000000800d0a4       0x58 ./USB_DEVICE/Target/usbd_conf.o
                0x000000000800d0a4                USBD_Get_USB_Status
 .text.ibus_init_communication
                0x000000000800d0fc       0x20 ./ibus_lib/Src/ibus.o
                0x000000000800d0fc                ibus_init_communication
 .text.read_ibus_frame
                0x000000000800d11c       0x2c ./ibus_lib/Src/ibus.o
                0x000000000800d11c                read_ibus_frame
 .text.check_ibus
                0x000000000800d148       0x74 ./ibus_lib/Src/ibus.o
                0x000000000800d148                check_ibus
 .text.read_ibus_channels
                0x000000000800d1bc       0x5c ./ibus_lib/Src/ibus.o
                0x000000000800d1bc                read_ibus_channels
 .text.__errno  0x000000000800d218        0xc c:/st/stm32cubeide_1.10.1/stm32cubeide/plugins/com.st.stm32cube.ide.mcu.externaltools.gnu-tools-for-stm32.10.3-2021.10.win32_1.0.200.202301161003/tools/bin/../lib/gcc/arm-none-eabi/10.3.1/../../../../arm-none-eabi/lib/thumb/v7e-m+dp/hard\libc_nano.a(lib_a-errno.o)
                0x000000000800d218                __errno
 .text.__libc_init_array
                0x000000000800d224       0x48 c:/st/stm32cubeide_1.10.1/stm32cubeide/plugins/com.st.stm32cube.ide.mcu.externaltools.gnu-tools-for-stm32.10.3-2021.10.win32_1.0.200.202301161003/tools/bin/../lib/gcc/arm-none-eabi/10.3.1/../../../../arm-none-eabi/lib/thumb/v7e-m+dp/hard\libc_nano.a(lib_a-init.o)
                0x000000000800d224                __libc_init_array
 .text.memset   0x000000000800d26c       0x10 c:/st/stm32cubeide_1.10.1/stm32cubeide/plugins/com.st.stm32cube.ide.mcu.externaltools.gnu-tools-for-stm32.10.3-2021.10.win32_1.0.200.202301161003/tools/bin/../lib/gcc/arm-none-eabi/10.3.1/../../../../arm-none-eabi/lib/thumb/v7e-m+dp/hard\libc_nano.a(lib_a-memset.o)
                0x000000000800d26c                memset
 .text.sprintf  0x000000000800d27c       0x40 c:/st/stm32cubeide_1.10.1/stm32cubeide/plugins/com.st.stm32cube.ide.mcu.externaltools.gnu-tools-for-stm32.10.3-2021.10.win32_1.0.200.202301161003/tools/bin/../lib/gcc/arm-none-eabi/10.3.1/../../../../arm-none-eabi/lib/thumb/v7e-m+dp/hard\libc_nano.a(lib_a-sprintf.o)
                0x000000000800d27c                siprintf
                0x000000000800d27c                sprintf
 .text.__ssputs_r
                0x000000000800d2bc       0xb6 c:/st/stm32cubeide_1.10.1/stm32cubeide/plugins/com.st.stm32cube.ide.mcu.externaltools.gnu-tools-for-stm32.10.3-2021.10.win32_1.0.200.202301161003/tools/bin/../lib/gcc/arm-none-eabi/10.3.1/../../../../arm-none-eabi/lib/thumb/v7e-m+dp/hard\libc_nano.a(lib_a-nano-svfprintf.o)
                0x000000000800d2bc                __ssputs_r
 *fill*         0x000000000800d372        0x2 
 .text._svfprintf_r
                0x000000000800d374      0x200 c:/st/stm32cubeide_1.10.1/stm32cubeide/plugins/com.st.stm32cube.ide.mcu.externaltools.gnu-tools-for-stm32.10.3-2021.10.win32_1.0.200.202301161003/tools/bin/../lib/gcc/arm-none-eabi/10.3.1/../../../../arm-none-eabi/lib/thumb/v7e-m+dp/hard\libc_nano.a(lib_a-nano-svfprintf.o)
                0x000000000800d374                _svfiprintf_r
                0x000000000800d374                _svfprintf_r
 .text._printf_common
                0x000000000800d574       0xda c:/st/stm32cubeide_1.10.1/stm32cubeide/plugins/com.st.stm32cube.ide.mcu.externaltools.gnu-tools-for-stm32.10.3-2021.10.win32_1.0.200.202301161003/tools/bin/../lib/gcc/arm-none-eabi/10.3.1/../../../../arm-none-eabi/lib/thumb/v7e-m+dp/hard\libc_nano.a(lib_a-nano-vfprintf_i.o)
                0x000000000800d574                _printf_common
 *fill*         0x000000000800d64e        0x2 
 .text._printf_i
                0x000000000800d650      0x24c c:/st/stm32cubeide_1.10.1/stm32cubeide/plugins/com.st.stm32cube.ide.mcu.externaltools.gnu-tools-for-stm32.10.3-2021.10.win32_1.0.200.202301161003/tools/bin/../lib/gcc/arm-none-eabi/10.3.1/../../../../arm-none-eabi/lib/thumb/v7e-m+dp/hard\libc_nano.a(lib_a-nano-vfprintf_i.o)
                0x000000000800d650                _printf_i
 .text.memcpy   0x000000000800d89c       0x1c c:/st/stm32cubeide_1.10.1/stm32cubeide/plugins/com.st.stm32cube.ide.mcu.externaltools.gnu-tools-for-stm32.10.3-2021.10.win32_1.0.200.202301161003/tools/bin/../lib/gcc/arm-none-eabi/10.3.1/../../../../arm-none-eabi/lib/thumb/v7e-m+dp/hard\libc_nano.a(lib_a-memcpy-stub.o)
                0x000000000800d89c                memcpy
 .text.memmove  0x000000000800d8b8       0x34 c:/st/stm32cubeide_1.10.1/stm32cubeide/plugins/com.st.stm32cube.ide.mcu.externaltools.gnu-tools-for-stm32.10.3-2021.10.win32_1.0.200.202301161003/tools/bin/../lib/gcc/arm-none-eabi/10.3.1/../../../../arm-none-eabi/lib/thumb/v7e-m+dp/hard\libc_nano.a(lib_a-memmove.o)
                0x000000000800d8b8                memmove
 .text._free_r  0x000000000800d8ec       0x98 c:/st/stm32cubeide_1.10.1/stm32cubeide/plugins/com.st.stm32cube.ide.mcu.externaltools.gnu-tools-for-stm32.10.3-2021.10.win32_1.0.200.202301161003/tools/bin/../lib/gcc/arm-none-eabi/10.3.1/../../../../arm-none-eabi/lib/thumb/v7e-m+dp/hard\libc_nano.a(lib_a-nano-freer.o)
                0x000000000800d8ec                _free_r
 .text.sbrk_aligned
                0x000000000800d984       0x40 c:/st/stm32cubeide_1.10.1/stm32cubeide/plugins/com.st.stm32cube.ide.mcu.externaltools.gnu-tools-for-stm32.10.3-2021.10.win32_1.0.200.202301161003/tools/bin/../lib/gcc/arm-none-eabi/10.3.1/../../../../arm-none-eabi/lib/thumb/v7e-m+dp/hard\libc_nano.a(lib_a-nano-mallocr.o)
 .text._malloc_r
                0x000000000800d9c4       0xe8 c:/st/stm32cubeide_1.10.1/stm32cubeide/plugins/com.st.stm32cube.ide.mcu.externaltools.gnu-tools-for-stm32.10.3-2021.10.win32_1.0.200.202301161003/tools/bin/../lib/gcc/arm-none-eabi/10.3.1/../../../../arm-none-eabi/lib/thumb/v7e-m+dp/hard\libc_nano.a(lib_a-nano-mallocr.o)
                0x000000000800d9c4                _malloc_r
 .text._realloc_r
                0x000000000800daac       0x5e c:/st/stm32cubeide_1.10.1/stm32cubeide/plugins/com.st.stm32cube.ide.mcu.externaltools.gnu-tools-for-stm32.10.3-2021.10.win32_1.0.200.202301161003/tools/bin/../lib/gcc/arm-none-eabi/10.3.1/../../../../arm-none-eabi/lib/thumb/v7e-m+dp/hard\libc_nano.a(lib_a-nano-reallocr.o)
                0x000000000800daac                _realloc_r
 *fill*         0x000000000800db0a        0x2 
 .text._sbrk_r  0x000000000800db0c       0x20 c:/st/stm32cubeide_1.10.1/stm32cubeide/plugins/com.st.stm32cube.ide.mcu.externaltools.gnu-tools-for-stm32.10.3-2021.10.win32_1.0.200.202301161003/tools/bin/../lib/gcc/arm-none-eabi/10.3.1/../../../../arm-none-eabi/lib/thumb/v7e-m+dp/hard\libc_nano.a(lib_a-sbrkr.o)
                0x000000000800db0c                _sbrk_r
 .text.__malloc_lock
                0x000000000800db2c        0xc c:/st/stm32cubeide_1.10.1/stm32cubeide/plugins/com.st.stm32cube.ide.mcu.externaltools.gnu-tools-for-stm32.10.3-2021.10.win32_1.0.200.202301161003/tools/bin/../lib/gcc/arm-none-eabi/10.3.1/../../../../arm-none-eabi/lib/thumb/v7e-m+dp/hard\libc_nano.a(lib_a-mlock.o)
                0x000000000800db2c                __malloc_lock
 .text.__malloc_unlock
                0x000000000800db38        0xc c:/st/stm32cubeide_1.10.1/stm32cubeide/plugins/com.st.stm32cube.ide.mcu.externaltools.gnu-tools-for-stm32.10.3-2021.10.win32_1.0.200.202301161003/tools/bin/../lib/gcc/arm-none-eabi/10.3.1/../../../../arm-none-eabi/lib/thumb/v7e-m+dp/hard\libc_nano.a(lib_a-mlock.o)
                0x000000000800db38                __malloc_unlock
 .text._malloc_usable_size_r
                0x000000000800db44       0x10 c:/st/stm32cubeide_1.10.1/stm32cubeide/plugins/com.st.stm32cube.ide.mcu.externaltools.gnu-tools-for-stm32.10.3-2021.10.win32_1.0.200.202301161003/tools/bin/../lib/gcc/arm-none-eabi/10.3.1/../../../../arm-none-eabi/lib/thumb/v7e-m+dp/hard\libc_nano.a(lib_a-nano-msizer.o)
                0x000000000800db44                _malloc_usable_size_r
 .text.__retarget_lock_acquire_recursive
                0x000000000800db54        0x2 c:/st/stm32cubeide_1.10.1/stm32cubeide/plugins/com.st.stm32cube.ide.mcu.externaltools.gnu-tools-for-stm32.10.3-2021.10.win32_1.0.200.202301161003/tools/bin/../lib/gcc/arm-none-eabi/10.3.1/../../../../arm-none-eabi/lib/thumb/v7e-m+dp/hard\libc_nano.a(lib_a-lock.o)
                0x000000000800db54                __retarget_lock_acquire_recursive
 .text.__retarget_lock_release_recursive
                0x000000000800db56        0x2 c:/st/stm32cubeide_1.10.1/stm32cubeide/plugins/com.st.stm32cube.ide.mcu.externaltools.gnu-tools-for-stm32.10.3-2021.10.win32_1.0.200.202301161003/tools/bin/../lib/gcc/arm-none-eabi/10.3.1/../../../../arm-none-eabi/lib/thumb/v7e-m+dp/hard\libc_nano.a(lib_a-lock.o)
                0x000000000800db56                __retarget_lock_release_recursive
 *(.glue_7)
 .glue_7        0x000000000800db58        0x0 linker stubs
 *(.glue_7t)
 .glue_7t       0x000000000800db58        0x0 linker stubs
 *(.eh_frame)
 .eh_frame      0x000000000800db58        0x0 c:/st/stm32cubeide_1.10.1/stm32cubeide/plugins/com.st.stm32cube.ide.mcu.externaltools.gnu-tools-for-stm32.10.3-2021.10.win32_1.0.200.202301161003/tools/bin/../lib/gcc/arm-none-eabi/10.3.1/thumb/v7e-m+dp/hard/crtbegin.o
 *(.init)
 .init          0x000000000800db58        0x4 c:/st/stm32cubeide_1.10.1/stm32cubeide/plugins/com.st.stm32cube.ide.mcu.externaltools.gnu-tools-for-stm32.10.3-2021.10.win32_1.0.200.202301161003/tools/bin/../lib/gcc/arm-none-eabi/10.3.1/thumb/v7e-m+dp/hard/crti.o
                0x000000000800db58                _init
 .init          0x000000000800db5c        0x8 c:/st/stm32cubeide_1.10.1/stm32cubeide/plugins/com.st.stm32cube.ide.mcu.externaltools.gnu-tools-for-stm32.10.3-2021.10.win32_1.0.200.202301161003/tools/bin/../lib/gcc/arm-none-eabi/10.3.1/thumb/v7e-m+dp/hard/crtn.o
 *(.fini)
 .fini          0x000000000800db64        0x4 c:/st/stm32cubeide_1.10.1/stm32cubeide/plugins/com.st.stm32cube.ide.mcu.externaltools.gnu-tools-for-stm32.10.3-2021.10.win32_1.0.200.202301161003/tools/bin/../lib/gcc/arm-none-eabi/10.3.1/thumb/v7e-m+dp/hard/crti.o
                0x000000000800db64                _fini
 .fini          0x000000000800db68        0x8 c:/st/stm32cubeide_1.10.1/stm32cubeide/plugins/com.st.stm32cube.ide.mcu.externaltools.gnu-tools-for-stm32.10.3-2021.10.win32_1.0.200.202301161003/tools/bin/../lib/gcc/arm-none-eabi/10.3.1/thumb/v7e-m+dp/hard/crtn.o
                0x000000000800db70                . = ALIGN (0x4)
                0x000000000800db70                _etext = .

.vfp11_veneer   0x000000000800db70        0x0
 .vfp11_veneer  0x000000000800db70        0x0 linker stubs

.v4_bx          0x000000000800db70        0x0
 .v4_bx         0x000000000800db70        0x0 linker stubs

.iplt           0x000000000800db70        0x0
 .iplt          0x000000000800db70        0x0 c:/st/stm32cubeide_1.10.1/stm32cubeide/plugins/com.st.stm32cube.ide.mcu.externaltools.gnu-tools-for-stm32.10.3-2021.10.win32_1.0.200.202301161003/tools/bin/../lib/gcc/arm-none-eabi/10.3.1/thumb/v7e-m+dp/hard/crtbegin.o

.rodata         0x000000000800db70       0xf4
                0x000000000800db70                . = ALIGN (0x4)
 *(.rodata)
 .rodata        0x000000000800db70       0x37 ./Core/Src/main.o
 *fill*         0x000000000800dba7        0x1 
 .rodata        0x000000000800dba8       0x46 ./USB_DEVICE/App/usbd_desc.o
 *(.rodata*)
 *fill*         0x000000000800dbee        0x2 
 .rodata.D1CorePrescTable
                0x000000000800dbf0       0x10 ./Common/Src/system_stm32h7xx_dualcore_boot_cm4_cm7.o
                0x000000000800dbf0                D1CorePrescTable
 .rodata.flagBitshiftOffset.0
                0x000000000800dc00        0x8 ./Drivers/STM32H7xx_HAL_Driver/stm32h7xx_hal_dma.o
 .rodata.UARTPrescTable
                0x000000000800dc08       0x18 ./Drivers/STM32H7xx_HAL_Driver/stm32h7xx_hal_uart.o
                0x000000000800dc08                UARTPrescTable
 .rodata.numerator.1
                0x000000000800dc20        0x8 ./Drivers/STM32H7xx_HAL_Driver/stm32h7xx_hal_uart_ex.o
 .rodata.denominator.0
                0x000000000800dc28        0x8 ./Drivers/STM32H7xx_HAL_Driver/stm32h7xx_hal_uart_ex.o
 .rodata._svfprintf_r.str1.1
                0x000000000800dc30       0x11 c:/st/stm32cubeide_1.10.1/stm32cubeide/plugins/com.st.stm32cube.ide.mcu.externaltools.gnu-tools-for-stm32.10.3-2021.10.win32_1.0.200.202301161003/tools/bin/../lib/gcc/arm-none-eabi/10.3.1/../../../../arm-none-eabi/lib/thumb/v7e-m+dp/hard\libc_nano.a(lib_a-nano-svfprintf.o)
 .rodata._printf_i.str1.1
                0x000000000800dc41       0x22 c:/st/stm32cubeide_1.10.1/stm32cubeide/plugins/com.st.stm32cube.ide.mcu.externaltools.gnu-tools-for-stm32.10.3-2021.10.win32_1.0.200.202301161003/tools/bin/../lib/gcc/arm-none-eabi/10.3.1/../../../../arm-none-eabi/lib/thumb/v7e-m+dp/hard\libc_nano.a(lib_a-nano-vfprintf_i.o)
                0x000000000800dc64                . = ALIGN (0x4)
 *fill*         0x000000000800dc63        0x1 

.ARM.extab      0x000000000800dc64        0x0
                0x000000000800dc64                . = ALIGN (0x4)
 *(.ARM.extab* .gnu.linkonce.armextab.*)
                0x000000000800dc64                . = ALIGN (0x4)

.ARM            0x000000000800dc64        0x8
                0x000000000800dc64                . = ALIGN (0x4)
                0x000000000800dc64                __exidx_start = .
 *(.ARM.exidx*)
 .ARM.exidx     0x000000000800dc64        0x8 c:/st/stm32cubeide_1.10.1/stm32cubeide/plugins/com.st.stm32cube.ide.mcu.externaltools.gnu-tools-for-stm32.10.3-2021.10.win32_1.0.200.202301161003/tools/bin/../lib/gcc/arm-none-eabi/10.3.1/thumb/v7e-m+dp/hard\libgcc.a(_udivmoddi4.o)
                0x000000000800dc6c                __exidx_end = .
                0x000000000800dc6c                . = ALIGN (0x4)

.rel.dyn        0x000000000800dc6c        0x0
 .rel.iplt      0x000000000800dc6c        0x0 c:/st/stm32cubeide_1.10.1/stm32cubeide/plugins/com.st.stm32cube.ide.mcu.externaltools.gnu-tools-for-stm32.10.3-2021.10.win32_1.0.200.202301161003/tools/bin/../lib/gcc/arm-none-eabi/10.3.1/thumb/v7e-m+dp/hard/crtbegin.o

.preinit_array  0x000000000800dc6c        0x0
                0x000000000800dc6c                . = ALIGN (0x4)
                0x000000000800dc6c                PROVIDE (__preinit_array_start = .)
 *(.preinit_array*)
                0x000000000800dc6c                PROVIDE (__preinit_array_end = .)
                0x000000000800dc6c                . = ALIGN (0x4)

.init_array     0x000000000800dc6c        0x4
                0x000000000800dc6c                . = ALIGN (0x4)
                0x000000000800dc6c                PROVIDE (__init_array_start = .)
 *(SORT_BY_NAME(.init_array.*))
 *(.init_array*)
 .init_array    0x000000000800dc6c        0x4 c:/st/stm32cubeide_1.10.1/stm32cubeide/plugins/com.st.stm32cube.ide.mcu.externaltools.gnu-tools-for-stm32.10.3-2021.10.win32_1.0.200.202301161003/tools/bin/../lib/gcc/arm-none-eabi/10.3.1/thumb/v7e-m+dp/hard/crtbegin.o
                0x000000000800dc70                PROVIDE (__init_array_end = .)
                0x000000000800dc70                . = ALIGN (0x4)

.fini_array     0x000000000800dc70        0x4
                0x000000000800dc70                . = ALIGN (0x4)
                [!provide]                        PROVIDE (__fini_array_start = .)
 *(SORT_BY_NAME(.fini_array.*))
 *(.fini_array*)
 .fini_array    0x000000000800dc70        0x4 c:/st/stm32cubeide_1.10.1/stm32cubeide/plugins/com.st.stm32cube.ide.mcu.externaltools.gnu-tools-for-stm32.10.3-2021.10.win32_1.0.200.202301161003/tools/bin/../lib/gcc/arm-none-eabi/10.3.1/thumb/v7e-m+dp/hard/crtbegin.o
                [!provide]                        PROVIDE (__fini_array_end = .)
                0x000000000800dc74                . = ALIGN (0x4)
                0x000000000800dc74                _sidata = LOADADDR (.data)

.data           0x0000000024000000      0x164 load address 0x000000000800dc74
                0x0000000024000000                . = ALIGN (0x4)
                0x0000000024000000                _sdata = .
 *(.data)
 *(.data*)
 .data.SystemCoreClock
                0x0000000024000000        0x4 ./Common/Src/system_stm32h7xx_dualcore_boot_cm4_cm7.o
                0x0000000024000000                SystemCoreClock
 .data.SystemD2Clock
                0x0000000024000004        0x4 ./Common/Src/system_stm32h7xx_dualcore_boot_cm4_cm7.o
                0x0000000024000004                SystemD2Clock
 .data.uwTickPrio
                0x0000000024000008        0x4 ./Drivers/STM32H7xx_HAL_Driver/stm32h7xx_hal.o
                0x0000000024000008                uwTickPrio
 .data.uwTickFreq
                0x000000002400000c        0x1 ./Drivers/STM32H7xx_HAL_Driver/stm32h7xx_hal.o
                0x000000002400000c                uwTickFreq
 *fill*         0x000000002400000d        0x3 
 .data.USBD_CDC_DeviceQualifierDesc
                0x0000000024000010        0xa ./Middlewares/ST/STM32_USB_Device_Library/usbd_cdc.o
 *fill*         0x000000002400001a        0x2 
 .data.USBD_CDC
                0x000000002400001c       0x38 ./Middlewares/ST/STM32_USB_Device_Library/usbd_cdc.o
                0x000000002400001c                USBD_CDC
 .data.USBD_CDC_CfgDesc
                0x0000000024000054       0x43 ./Middlewares/ST/STM32_USB_Device_Library/usbd_cdc.o
 .data.CDCInEpAdd
                0x0000000024000097        0x1 ./Middlewares/ST/STM32_USB_Device_Library/usbd_cdc.o
 .data.CDCOutEpAdd
                0x0000000024000098        0x1 ./Middlewares/ST/STM32_USB_Device_Library/usbd_cdc.o
 .data.CDCCmdEpAdd
                0x0000000024000099        0x1 ./Middlewares/ST/STM32_USB_Device_Library/usbd_cdc.o
 *fill*         0x000000002400009a        0x2 
 .data.USBD_Interface_fops_FS
                0x000000002400009c       0x14 ./USB_DEVICE/App/usbd_cdc_if.o
                0x000000002400009c                USBD_Interface_fops_FS
 .data.FS_Desc  0x00000000240000b0       0x1c ./USB_DEVICE/App/usbd_desc.o
                0x00000000240000b0                FS_Desc
 .data.USBD_FS_DeviceDesc
                0x00000000240000cc       0x12 ./USB_DEVICE/App/usbd_desc.o
                0x00000000240000cc                USBD_FS_DeviceDesc
 *fill*         0x00000000240000de        0x2 
 .data.USBD_LangIDDesc
                0x00000000240000e0        0x4 ./USB_DEVICE/App/usbd_desc.o
                0x00000000240000e0                USBD_LangIDDesc
 .data.USBD_StringSerial
                0x00000000240000e4       0x1a ./USB_DEVICE/App/usbd_desc.o
                0x00000000240000e4                USBD_StringSerial
 *fill*         0x00000000240000fe        0x2 
 .data._impure_ptr
                0x0000000024000100        0x4 c:/st/stm32cubeide_1.10.1/stm32cubeide/plugins/com.st.stm32cube.ide.mcu.externaltools.gnu-tools-for-stm32.10.3-2021.10.win32_1.0.200.202301161003/tools/bin/../lib/gcc/arm-none-eabi/10.3.1/../../../../arm-none-eabi/lib/thumb/v7e-m+dp/hard\libc_nano.a(lib_a-impure.o)
                0x0000000024000100                _impure_ptr
 .data.impure_data
                0x0000000024000104       0x60 c:/st/stm32cubeide_1.10.1/stm32cubeide/plugins/com.st.stm32cube.ide.mcu.externaltools.gnu-tools-for-stm32.10.3-2021.10.win32_1.0.200.202301161003/tools/bin/../lib/gcc/arm-none-eabi/10.3.1/../../../../arm-none-eabi/lib/thumb/v7e-m+dp/hard\libc_nano.a(lib_a-impure.o)
 *(.RamFunc)
 *(.RamFunc*)
                0x0000000024000164                . = ALIGN (0x4)
                0x0000000024000164                _edata = .

.igot.plt       0x0000000024000164        0x0 load address 0x000000000800ddd8
 .igot.plt      0x0000000024000164        0x0 c:/st/stm32cubeide_1.10.1/stm32cubeide/plugins/com.st.stm32cube.ide.mcu.externaltools.gnu-tools-for-stm32.10.3-2021.10.win32_1.0.200.202301161003/tools/bin/../lib/gcc/arm-none-eabi/10.3.1/thumb/v7e-m+dp/hard/crtbegin.o
                0x0000000024000164                . = ALIGN (0x4)

.bss            0x0000000024000164     0x1d6c load address 0x000000000800ddd8
                0x0000000024000164                _sbss = .
                0x0000000024000164                __bss_start__ = _sbss
 *(.bss)
 .bss           0x0000000024000164       0x1c c:/st/stm32cubeide_1.10.1/stm32cubeide/plugins/com.st.stm32cube.ide.mcu.externaltools.gnu-tools-for-stm32.10.3-2021.10.win32_1.0.200.202301161003/tools/bin/../lib/gcc/arm-none-eabi/10.3.1/thumb/v7e-m+dp/hard/crtbegin.o
 *(.bss*)
 .bss.huart6    0x0000000024000180       0x94 ./Core/Src/main.o
                0x0000000024000180                huart6
 .bss.hdma_usart6_rx
                0x0000000024000214       0x78 ./Core/Src/main.o
                0x0000000024000214                hdma_usart6_rx
 .bss.__sbrk_heap_end
                0x000000002400028c        0x4 ./Core/Src/sysmem.o
 .bss.uwTick    0x0000000024000290        0x4 ./Drivers/STM32H7xx_HAL_Driver/stm32h7xx_hal.o
                0x0000000024000290                uwTick
 .bss.cfgidx.0  0x0000000024000294        0x1 ./Middlewares/ST/STM32_USB_Device_Library/usbd_ctlreq.o
 *fill*         0x0000000024000295        0x3 
 .bss.hUsbDeviceFS
                0x0000000024000298      0x2dc ./USB_DEVICE/App/usb_device.o
                0x0000000024000298                hUsbDeviceFS
 .bss.UserRxBufferFS
                0x0000000024000574      0x800 ./USB_DEVICE/App/usbd_cdc_if.o
                0x0000000024000574                UserRxBufferFS
 .bss.UserTxBufferFS
                0x0000000024000d74      0x800 ./USB_DEVICE/App/usbd_cdc_if.o
                0x0000000024000d74                UserTxBufferFS
 .bss.USBD_StrDesc
                0x0000000024001574      0x200 ./USB_DEVICE/App/usbd_desc.o
                0x0000000024001574                USBD_StrDesc
 .bss.hpcd_USB_OTG_FS
                0x0000000024001774      0x50c ./USB_DEVICE/Target/usbd_conf.o
                0x0000000024001774                hpcd_USB_OTG_FS
 .bss.mem.0     0x0000000024001c80      0x220 ./USB_DEVICE/Target/usbd_conf.o
 .bss.rx_buffer
                0x0000000024001ea0       0x20 ./ibus_lib/Src/ibus.o
 .bss.__malloc_free_list
                0x0000000024001ec0        0x4 c:/st/stm32cubeide_1.10.1/stm32cubeide/plugins/com.st.stm32cube.ide.mcu.externaltools.gnu-tools-for-stm32.10.3-2021.10.win32_1.0.200.202301161003/tools/bin/../lib/gcc/arm-none-eabi/10.3.1/../../../../arm-none-eabi/lib/thumb/v7e-m+dp/hard\libc_nano.a(lib_a-nano-mallocr.o)
                0x0000000024001ec0                __malloc_free_list
 .bss.__malloc_sbrk_start
                0x0000000024001ec4        0x4 c:/st/stm32cubeide_1.10.1/stm32cubeide/plugins/com.st.stm32cube.ide.mcu.externaltools.gnu-tools-for-stm32.10.3-2021.10.win32_1.0.200.202301161003/tools/bin/../lib/gcc/arm-none-eabi/10.3.1/../../../../arm-none-eabi/lib/thumb/v7e-m+dp/hard\libc_nano.a(lib_a-nano-mallocr.o)
                0x0000000024001ec4                __malloc_sbrk_start
 .bss.errno     0x0000000024001ec8        0x4 c:/st/stm32cubeide_1.10.1/stm32cubeide/plugins/com.st.stm32cube.ide.mcu.externaltools.gnu-tools-for-stm32.10.3-2021.10.win32_1.0.200.202301161003/tools/bin/../lib/gcc/arm-none-eabi/10.3.1/../../../../arm-none-eabi/lib/thumb/v7e-m+dp/hard\libc_nano.a(lib_a-reent.o)
                0x0000000024001ec8                errno
 .bss.__lock___malloc_recursive_mutex
                0x0000000024001ecc        0x1 c:/st/stm32cubeide_1.10.1/stm32cubeide/plugins/com.st.stm32cube.ide.mcu.externaltools.gnu-tools-for-stm32.10.3-2021.10.win32_1.0.200.202301161003/tools/bin/../lib/gcc/arm-none-eabi/10.3.1/../../../../arm-none-eabi/lib/thumb/v7e-m+dp/hard\libc_nano.a(lib_a-lock.o)
                0x0000000024001ecc                __lock___malloc_recursive_mutex
 *(COMMON)
                0x0000000024001ed0                . = ALIGN (0x4)
 *fill*         0x0000000024001ecd        0x3 
                0x0000000024001ed0                _ebss = .
                0x0000000024001ed0                __bss_end__ = _ebss

._user_heap_stack
                0x0000000024001ed0      0x600 load address 0x000000000800ddd8
                0x0000000024001ed0                . = ALIGN (0x8)
                [!provide]                        PROVIDE (end = .)
                0x0000000024001ed0                PROVIDE (_end = .)
                0x00000000240020d0                . = (. + _Min_Heap_Size)
 *fill*         0x0000000024001ed0      0x200 
                0x00000000240024d0                . = (. + _Min_Stack_Size)
 *fill*         0x00000000240020d0      0x400 
                0x00000000240024d0                . = ALIGN (0x8)

/DISCARD/
 libc.a(*)
 libm.a(*)
 libgcc.a(*)

.ARM.attributes
                0x0000000000000000       0x2e
 *(.ARM.attributes)
 .ARM.attributes
                0x0000000000000000       0x1e c:/st/stm32cubeide_1.10.1/stm32cubeide/plugins/com.st.stm32cube.ide.mcu.externaltools.gnu-tools-for-stm32.10.3-2021.10.win32_1.0.200.202301161003/tools/bin/../lib/gcc/arm-none-eabi/10.3.1/thumb/v7e-m+dp/hard/crti.o
 .ARM.attributes
                0x000000000000001e       0x32 c:/st/stm32cubeide_1.10.1/stm32cubeide/plugins/com.st.stm32cube.ide.mcu.externaltools.gnu-tools-for-stm32.10.3-2021.10.win32_1.0.200.202301161003/tools/bin/../lib/gcc/arm-none-eabi/10.3.1/thumb/v7e-m+dp/hard/crtbegin.o
 .ARM.attributes
                0x0000000000000050       0x32 ./Common/Src/system_stm32h7xx_dualcore_boot_cm4_cm7.o
 .ARM.attributes
                0x0000000000000082       0x32 ./Core/Src/main.o
 .ARM.attributes
                0x00000000000000b4       0x32 ./Core/Src/stm32h7xx_hal_msp.o
 .ARM.attributes
                0x00000000000000e6       0x32 ./Core/Src/stm32h7xx_it.o
 .ARM.attributes
                0x0000000000000118       0x32 ./Core/Src/sysmem.o
 .ARM.attributes
                0x000000000000014a       0x21 ./Core/Startup/startup_stm32h757iitx.o
 .ARM.attributes
                0x000000000000016b       0x32 ./Drivers/STM32H7xx_HAL_Driver/stm32h7xx_hal.o
 .ARM.attributes
                0x000000000000019d       0x32 ./Drivers/STM32H7xx_HAL_Driver/stm32h7xx_hal_cortex.o
 .ARM.attributes
                0x00000000000001cf       0x32 ./Drivers/STM32H7xx_HAL_Driver/stm32h7xx_hal_dma.o
 .ARM.attributes
                0x0000000000000201       0x32 ./Drivers/STM32H7xx_HAL_Driver/stm32h7xx_hal_gpio.o
 .ARM.attributes
                0x0000000000000233       0x32 ./Drivers/STM32H7xx_HAL_Driver/stm32h7xx_hal_hsem.o
 .ARM.attributes
                0x0000000000000265       0x32 ./Drivers/STM32H7xx_HAL_Driver/stm32h7xx_hal_pcd.o
 .ARM.attributes
                0x0000000000000297       0x32 ./Drivers/STM32H7xx_HAL_Driver/stm32h7xx_hal_pcd_ex.o
 .ARM.attributes
                0x00000000000002c9       0x32 ./Drivers/STM32H7xx_HAL_Driver/stm32h7xx_hal_pwr_ex.o
 .ARM.attributes
                0x00000000000002fb       0x32 ./Drivers/STM32H7xx_HAL_Driver/stm32h7xx_hal_rcc.o
 .ARM.attributes
                0x000000000000032d       0x32 ./Drivers/STM32H7xx_HAL_Driver/stm32h7xx_hal_rcc_ex.o
 .ARM.attributes
                0x000000000000035f       0x32 ./Drivers/STM32H7xx_HAL_Driver/stm32h7xx_hal_uart.o
 .ARM.attributes
                0x0000000000000391       0x32 ./Drivers/STM32H7xx_HAL_Driver/stm32h7xx_hal_uart_ex.o
 .ARM.attributes
                0x00000000000003c3       0x32 ./Drivers/STM32H7xx_HAL_Driver/stm32h7xx_ll_usb.o
 .ARM.attributes
                0x00000000000003f5       0x32 ./Middlewares/ST/STM32_USB_Device_Library/usbd_cdc.o
 .ARM.attributes
                0x0000000000000427       0x32 ./Middlewares/ST/STM32_USB_Device_Library/usbd_core.o
 .ARM.attributes
                0x0000000000000459       0x32 ./Middlewares/ST/STM32_USB_Device_Library/usbd_ctlreq.o
 .ARM.attributes
                0x000000000000048b       0x32 ./Middlewares/ST/STM32_USB_Device_Library/usbd_ioreq.o
 .ARM.attributes
                0x00000000000004bd       0x32 ./USB_DEVICE/App/usb_device.o
 .ARM.attributes
                0x00000000000004ef       0x32 ./USB_DEVICE/App/usbd_cdc_if.o
 .ARM.attributes
                0x0000000000000521       0x32 ./USB_DEVICE/App/usbd_desc.o
 .ARM.attributes
                0x0000000000000553       0x32 ./USB_DEVICE/Target/usbd_conf.o
 .ARM.attributes
                0x0000000000000585       0x32 ./ibus_lib/Src/ibus.o
 .ARM.attributes
                0x00000000000005b7       0x32 c:/st/stm32cubeide_1.10.1/stm32cubeide/plugins/com.st.stm32cube.ide.mcu.externaltools.gnu-tools-for-stm32.10.3-2021.10.win32_1.0.200.202301161003/tools/bin/../lib/gcc/arm-none-eabi/10.3.1/../../../../arm-none-eabi/lib/thumb/v7e-m+dp/hard\libc_nano.a(lib_a-errno.o)
 .ARM.attributes
                0x00000000000005e9       0x32 c:/st/stm32cubeide_1.10.1/stm32cubeide/plugins/com.st.stm32cube.ide.mcu.externaltools.gnu-tools-for-stm32.10.3-2021.10.win32_1.0.200.202301161003/tools/bin/../lib/gcc/arm-none-eabi/10.3.1/../../../../arm-none-eabi/lib/thumb/v7e-m+dp/hard\libc_nano.a(lib_a-impure.o)
 .ARM.attributes
                0x000000000000061b       0x32 c:/st/stm32cubeide_1.10.1/stm32cubeide/plugins/com.st.stm32cube.ide.mcu.externaltools.gnu-tools-for-stm32.10.3-2021.10.win32_1.0.200.202301161003/tools/bin/../lib/gcc/arm-none-eabi/10.3.1/../../../../arm-none-eabi/lib/thumb/v7e-m+dp/hard\libc_nano.a(lib_a-init.o)
 .ARM.attributes
                0x000000000000064d       0x32 c:/st/stm32cubeide_1.10.1/stm32cubeide/plugins/com.st.stm32cube.ide.mcu.externaltools.gnu-tools-for-stm32.10.3-2021.10.win32_1.0.200.202301161003/tools/bin/../lib/gcc/arm-none-eabi/10.3.1/../../../../arm-none-eabi/lib/thumb/v7e-m+dp/hard\libc_nano.a(lib_a-memset.o)
 .ARM.attributes
                0x000000000000067f       0x32 c:/st/stm32cubeide_1.10.1/stm32cubeide/plugins/com.st.stm32cube.ide.mcu.externaltools.gnu-tools-for-stm32.10.3-2021.10.win32_1.0.200.202301161003/tools/bin/../lib/gcc/arm-none-eabi/10.3.1/../../../../arm-none-eabi/lib/thumb/v7e-m+dp/hard\libc_nano.a(lib_a-sprintf.o)
 .ARM.attributes
                0x00000000000006b1       0x32 c:/st/stm32cubeide_1.10.1/stm32cubeide/plugins/com.st.stm32cube.ide.mcu.externaltools.gnu-tools-for-stm32.10.3-2021.10.win32_1.0.200.202301161003/tools/bin/../lib/gcc/arm-none-eabi/10.3.1/../../../../arm-none-eabi/lib/thumb/v7e-m+dp/hard\libc_nano.a(lib_a-nano-svfprintf.o)
 .ARM.attributes
                0x00000000000006e3       0x32 c:/st/stm32cubeide_1.10.1/stm32cubeide/plugins/com.st.stm32cube.ide.mcu.externaltools.gnu-tools-for-stm32.10.3-2021.10.win32_1.0.200.202301161003/tools/bin/../lib/gcc/arm-none-eabi/10.3.1/../../../../arm-none-eabi/lib/thumb/v7e-m+dp/hard\libc_nano.a(lib_a-nano-vfprintf_i.o)
 .ARM.attributes
                0x0000000000000715       0x1c c:/st/stm32cubeide_1.10.1/stm32cubeide/plugins/com.st.stm32cube.ide.mcu.externaltools.gnu-tools-for-stm32.10.3-2021.10.win32_1.0.200.202301161003/tools/bin/../lib/gcc/arm-none-eabi/10.3.1/../../../../arm-none-eabi/lib/thumb/v7e-m+dp/hard\libc_nano.a(lib_a-memchr.o)
 .ARM.attributes
                0x0000000000000731       0x32 c:/st/stm32cubeide_1.10.1/stm32cubeide/plugins/com.st.stm32cube.ide.mcu.externaltools.gnu-tools-for-stm32.10.3-2021.10.win32_1.0.200.202301161003/tools/bin/../lib/gcc/arm-none-eabi/10.3.1/../../../../arm-none-eabi/lib/thumb/v7e-m+dp/hard\libc_nano.a(lib_a-memcpy-stub.o)
 .ARM.attributes
                0x0000000000000763       0x32 c:/st/stm32cubeide_1.10.1/stm32cubeide/plugins/com.st.stm32cube.ide.mcu.externaltools.gnu-tools-for-stm32.10.3-2021.10.win32_1.0.200.202301161003/tools/bin/../lib/gcc/arm-none-eabi/10.3.1/../../../../arm-none-eabi/lib/thumb/v7e-m+dp/hard\libc_nano.a(lib_a-memmove.o)
 .ARM.attributes
                0x0000000000000795       0x32 c:/st/stm32cubeide_1.10.1/stm32cubeide/plugins/com.st.stm32cube.ide.mcu.externaltools.gnu-tools-for-stm32.10.3-2021.10.win32_1.0.200.202301161003/tools/bin/../lib/gcc/arm-none-eabi/10.3.1/../../../../arm-none-eabi/lib/thumb/v7e-m+dp/hard\libc_nano.a(lib_a-nano-freer.o)
 .ARM.attributes
                0x00000000000007c7       0x32 c:/st/stm32cubeide_1.10.1/stm32cubeide/plugins/com.st.stm32cube.ide.mcu.externaltools.gnu-tools-for-stm32.10.3-2021.10.win32_1.0.200.202301161003/tools/bin/../lib/gcc/arm-none-eabi/10.3.1/../../../../arm-none-eabi/lib/thumb/v7e-m+dp/hard\libc_nano.a(lib_a-nano-mallocr.o)
 .ARM.attributes
                0x00000000000007f9       0x32 c:/st/stm32cubeide_1.10.1/stm32cubeide/plugins/com.st.stm32cube.ide.mcu.externaltools.gnu-tools-for-stm32.10.3-2021.10.win32_1.0.200.202301161003/tools/bin/../lib/gcc/arm-none-eabi/10.3.1/../../../../arm-none-eabi/lib/thumb/v7e-m+dp/hard\libc_nano.a(lib_a-nano-reallocr.o)
 .ARM.attributes
                0x000000000000082b       0x32 c:/st/stm32cubeide_1.10.1/stm32cubeide/plugins/com.st.stm32cube.ide.mcu.externaltools.gnu-tools-for-stm32.10.3-2021.10.win32_1.0.200.202301161003/tools/bin/../lib/gcc/arm-none-eabi/10.3.1/../../../../arm-none-eabi/lib/thumb/v7e-m+dp/hard\libc_nano.a(lib_a-sbrkr.o)
 .ARM.attributes
                0x000000000000085d       0x32 c:/st/stm32cubeide_1.10.1/stm32cubeide/plugins/com.st.stm32cube.ide.mcu.externaltools.gnu-tools-for-stm32.10.3-2021.10.win32_1.0.200.202301161003/tools/bin/../lib/gcc/arm-none-eabi/10.3.1/../../../../arm-none-eabi/lib/thumb/v7e-m+dp/hard\libc_nano.a(lib_a-mlock.o)
 .ARM.attributes
                0x000000000000088f       0x32 c:/st/stm32cubeide_1.10.1/stm32cubeide/plugins/com.st.stm32cube.ide.mcu.externaltools.gnu-tools-for-stm32.10.3-2021.10.win32_1.0.200.202301161003/tools/bin/../lib/gcc/arm-none-eabi/10.3.1/../../../../arm-none-eabi/lib/thumb/v7e-m+dp/hard\libc_nano.a(lib_a-nano-msizer.o)
 .ARM.attributes
                0x00000000000008c1       0x32 c:/st/stm32cubeide_1.10.1/stm32cubeide/plugins/com.st.stm32cube.ide.mcu.externaltools.gnu-tools-for-stm32.10.3-2021.10.win32_1.0.200.202301161003/tools/bin/../lib/gcc/arm-none-eabi/10.3.1/../../../../arm-none-eabi/lib/thumb/v7e-m+dp/hard\libc_nano.a(lib_a-reent.o)
 .ARM.attributes
                0x00000000000008f3       0x32 c:/st/stm32cubeide_1.10.1/stm32cubeide/plugins/com.st.stm32cube.ide.mcu.externaltools.gnu-tools-for-stm32.10.3-2021.10.win32_1.0.200.202301161003/tools/bin/../lib/gcc/arm-none-eabi/10.3.1/../../../../arm-none-eabi/lib/thumb/v7e-m+dp/hard\libc_nano.a(lib_a-lock.o)
 .ARM.attributes
                0x0000000000000925       0x1e c:/st/stm32cubeide_1.10.1/stm32cubeide/plugins/com.st.stm32cube.ide.mcu.externaltools.gnu-tools-for-stm32.10.3-2021.10.win32_1.0.200.202301161003/tools/bin/../lib/gcc/arm-none-eabi/10.3.1/thumb/v7e-m+dp/hard\libgcc.a(_aeabi_uldivmod.o)
 .ARM.attributes
                0x0000000000000943       0x32 c:/st/stm32cubeide_1.10.1/stm32cubeide/plugins/com.st.stm32cube.ide.mcu.externaltools.gnu-tools-for-stm32.10.3-2021.10.win32_1.0.200.202301161003/tools/bin/../lib/gcc/arm-none-eabi/10.3.1/thumb/v7e-m+dp/hard\libgcc.a(_udivmoddi4.o)
 .ARM.attributes
                0x0000000000000975       0x1e c:/st/stm32cubeide_1.10.1/stm32cubeide/plugins/com.st.stm32cube.ide.mcu.externaltools.gnu-tools-for-stm32.10.3-2021.10.win32_1.0.200.202301161003/tools/bin/../lib/gcc/arm-none-eabi/10.3.1/thumb/v7e-m+dp/hard\libgcc.a(_dvmd_tls.o)
 .ARM.attributes
                0x0000000000000993       0x1e c:/st/stm32cubeide_1.10.1/stm32cubeide/plugins/com.st.stm32cube.ide.mcu.externaltools.gnu-tools-for-stm32.10.3-2021.10.win32_1.0.200.202301161003/tools/bin/../lib/gcc/arm-none-eabi/10.3.1/thumb/v7e-m+dp/hard/crtn.o
OUTPUT(ibus_read_CM7.elf elf32-littlearm)
LOAD linker stubs